max slew

Pin                                    Limit    Slew   Slack
------------------------------------------------------------
_30297_/X                               1.49    4.48   -2.98 (VIOLATED)
_15599_/B                               1.50    4.48   -2.98 (VIOLATED)
_30599_/S0                              1.50    4.48   -2.98 (VIOLATED)
_30600_/S0                              1.50    4.48   -2.98 (VIOLATED)
_30601_/S0                              1.50    4.48   -2.98 (VIOLATED)
_30602_/S0                              1.50    4.48   -2.98 (VIOLATED)
_30603_/S0                              1.50    4.48   -2.98 (VIOLATED)
_30605_/S0                              1.50    4.48   -2.98 (VIOLATED)
_30606_/S0                              1.50    4.48   -2.98 (VIOLATED)
_30607_/S0                              1.50    4.48   -2.98 (VIOLATED)
_30608_/S0                              1.50    4.48   -2.98 (VIOLATED)
_30609_/S0                              1.50    4.48   -2.98 (VIOLATED)
_30611_/S0                              1.50    4.48   -2.98 (VIOLATED)
_30612_/S0                              1.50    4.48   -2.98 (VIOLATED)
_30613_/S0                              1.50    4.48   -2.98 (VIOLATED)
_30614_/S0                              1.50    4.48   -2.98 (VIOLATED)
_30615_/S0                              1.50    4.48   -2.98 (VIOLATED)
_30617_/S0                              1.50    4.48   -2.98 (VIOLATED)
_30618_/S0                              1.50    4.48   -2.98 (VIOLATED)
_30619_/S0                              1.50    4.48   -2.98 (VIOLATED)
_30620_/S0                              1.50    4.48   -2.98 (VIOLATED)
_30621_/S0                              1.50    4.48   -2.98 (VIOLATED)
_30623_/S0                              1.50    4.48   -2.98 (VIOLATED)
_30624_/S0                              1.50    4.48   -2.98 (VIOLATED)
_30625_/S0                              1.50    4.48   -2.98 (VIOLATED)
_30626_/S0                              1.50    4.48   -2.98 (VIOLATED)
_30627_/S0                              1.50    4.48   -2.98 (VIOLATED)
_30629_/S0                              1.50    4.48   -2.98 (VIOLATED)
_30630_/S0                              1.50    4.48   -2.98 (VIOLATED)
_30631_/S0                              1.50    4.48   -2.98 (VIOLATED)
_30632_/S0                              1.50    4.48   -2.98 (VIOLATED)
_30633_/S0                              1.50    4.48   -2.98 (VIOLATED)
_30635_/S0                              1.50    4.48   -2.98 (VIOLATED)
_30636_/S0                              1.50    4.48   -2.98 (VIOLATED)
_30637_/S0                              1.50    4.48   -2.98 (VIOLATED)
_30638_/S0                              1.50    4.48   -2.98 (VIOLATED)
_30639_/S0                              1.50    4.48   -2.98 (VIOLATED)
_30641_/S0                              1.50    4.48   -2.98 (VIOLATED)
_30642_/S0                              1.50    4.48   -2.98 (VIOLATED)
_30643_/S0                              1.50    4.48   -2.98 (VIOLATED)
_30644_/S0                              1.50    4.48   -2.98 (VIOLATED)
_30645_/S0                              1.50    4.48   -2.98 (VIOLATED)
_30647_/S0                              1.50    4.48   -2.98 (VIOLATED)
_30648_/S0                              1.50    4.48   -2.98 (VIOLATED)
_30649_/S0                              1.50    4.48   -2.98 (VIOLATED)
_30650_/S0                              1.50    4.48   -2.98 (VIOLATED)
_30651_/S0                              1.50    4.48   -2.98 (VIOLATED)
_30653_/S0                              1.50    4.48   -2.98 (VIOLATED)
_30654_/S0                              1.50    4.48   -2.98 (VIOLATED)
_30655_/S0                              1.50    4.48   -2.98 (VIOLATED)
_30656_/S0                              1.50    4.48   -2.98 (VIOLATED)
_30657_/S0                              1.50    4.48   -2.98 (VIOLATED)
_30659_/S0                              1.50    4.48   -2.98 (VIOLATED)
_30660_/S0                              1.50    4.48   -2.98 (VIOLATED)
_30661_/S0                              1.50    4.48   -2.98 (VIOLATED)
_30662_/S0                              1.50    4.48   -2.98 (VIOLATED)
_30663_/S0                              1.50    4.48   -2.98 (VIOLATED)
_30665_/S0                              1.50    4.48   -2.98 (VIOLATED)
_30666_/S0                              1.50    4.48   -2.98 (VIOLATED)
_30667_/S0                              1.50    4.48   -2.98 (VIOLATED)
_30668_/S0                              1.50    4.48   -2.98 (VIOLATED)
_30669_/S0                              1.50    4.48   -2.98 (VIOLATED)
_30671_/S0                              1.50    4.48   -2.98 (VIOLATED)
_30672_/S0                              1.50    4.48   -2.98 (VIOLATED)
_30673_/S0                              1.50    4.48   -2.98 (VIOLATED)
_30674_/S0                              1.50    4.48   -2.98 (VIOLATED)
_30675_/S0                              1.50    4.48   -2.98 (VIOLATED)
_30677_/S0                              1.50    4.48   -2.98 (VIOLATED)
_30678_/S0                              1.50    4.48   -2.98 (VIOLATED)
_30679_/S0                              1.50    4.48   -2.98 (VIOLATED)
_30680_/S0                              1.50    4.48   -2.98 (VIOLATED)
_30681_/S0                              1.50    4.48   -2.98 (VIOLATED)
_30683_/S0                              1.50    4.48   -2.98 (VIOLATED)
_30684_/S0                              1.50    4.48   -2.98 (VIOLATED)
_30685_/S0                              1.50    4.48   -2.98 (VIOLATED)
_30686_/S0                              1.50    4.48   -2.98 (VIOLATED)
_30687_/S0                              1.50    4.48   -2.98 (VIOLATED)
_30689_/S0                              1.50    4.48   -2.98 (VIOLATED)
_30690_/S0                              1.50    4.48   -2.98 (VIOLATED)
_30691_/S0                              1.50    4.48   -2.98 (VIOLATED)
_30692_/S0                              1.50    4.48   -2.98 (VIOLATED)
_30693_/S0                              1.50    4.48   -2.98 (VIOLATED)
_30695_/S0                              1.50    4.48   -2.98 (VIOLATED)
_30696_/S0                              1.50    4.48   -2.98 (VIOLATED)
_30697_/S0                              1.50    4.48   -2.98 (VIOLATED)
_30698_/S0                              1.50    4.48   -2.98 (VIOLATED)
_30699_/S0                              1.50    4.48   -2.98 (VIOLATED)
_30701_/S0                              1.50    4.48   -2.98 (VIOLATED)
_30702_/S0                              1.50    4.48   -2.98 (VIOLATED)
_30703_/S0                              1.50    4.48   -2.98 (VIOLATED)
_30704_/S0                              1.50    4.48   -2.98 (VIOLATED)
_30705_/S0                              1.50    4.48   -2.98 (VIOLATED)
_30707_/S0                              1.50    4.48   -2.98 (VIOLATED)
_30708_/S0                              1.50    4.48   -2.98 (VIOLATED)
_30709_/S0                              1.50    4.48   -2.98 (VIOLATED)
_30710_/S0                              1.50    4.48   -2.98 (VIOLATED)
_30711_/S0                              1.50    4.48   -2.98 (VIOLATED)
_30713_/S0                              1.50    4.48   -2.98 (VIOLATED)
_30714_/S0                              1.50    4.48   -2.98 (VIOLATED)
_30715_/S0                              1.50    4.48   -2.98 (VIOLATED)
_30716_/S0                              1.50    4.48   -2.98 (VIOLATED)
_30717_/S0                              1.50    4.48   -2.98 (VIOLATED)
_30719_/S0                              1.50    4.48   -2.98 (VIOLATED)
_30720_/S0                              1.50    4.48   -2.98 (VIOLATED)
_30721_/S0                              1.50    4.48   -2.98 (VIOLATED)
_30722_/S0                              1.50    4.48   -2.98 (VIOLATED)
_30723_/S0                              1.50    4.48   -2.98 (VIOLATED)
_30725_/S0                              1.50    4.48   -2.98 (VIOLATED)
_30726_/S0                              1.50    4.48   -2.98 (VIOLATED)
_30727_/S0                              1.50    4.48   -2.98 (VIOLATED)
_30728_/S0                              1.50    4.48   -2.98 (VIOLATED)
_30729_/S0                              1.50    4.48   -2.98 (VIOLATED)
_30731_/S0                              1.50    4.48   -2.98 (VIOLATED)
_30732_/S0                              1.50    4.48   -2.98 (VIOLATED)
_30733_/S0                              1.50    4.48   -2.98 (VIOLATED)
_30734_/S0                              1.50    4.48   -2.98 (VIOLATED)
_30735_/S0                              1.50    4.48   -2.98 (VIOLATED)
_30737_/S0                              1.50    4.48   -2.98 (VIOLATED)
_30738_/S0                              1.50    4.48   -2.98 (VIOLATED)
_30739_/S0                              1.50    4.48   -2.98 (VIOLATED)
_30740_/S0                              1.50    4.48   -2.98 (VIOLATED)
_30741_/S0                              1.50    4.48   -2.98 (VIOLATED)
_30743_/S0                              1.50    4.48   -2.98 (VIOLATED)
_30744_/S0                              1.50    4.48   -2.98 (VIOLATED)
_30745_/S0                              1.50    4.48   -2.98 (VIOLATED)
_30746_/S0                              1.50    4.48   -2.98 (VIOLATED)
_30747_/S0                              1.50    4.48   -2.98 (VIOLATED)
_30749_/S0                              1.50    4.48   -2.98 (VIOLATED)
_30750_/S0                              1.50    4.48   -2.98 (VIOLATED)
_30751_/S0                              1.50    4.48   -2.98 (VIOLATED)
_30752_/S0                              1.50    4.48   -2.98 (VIOLATED)
_30753_/S0                              1.50    4.48   -2.98 (VIOLATED)
_30755_/S0                              1.50    4.48   -2.98 (VIOLATED)
_30756_/S0                              1.50    4.48   -2.98 (VIOLATED)
_30757_/S0                              1.50    4.48   -2.98 (VIOLATED)
_30758_/S0                              1.50    4.48   -2.98 (VIOLATED)
_30759_/S0                              1.50    4.48   -2.98 (VIOLATED)
_30761_/S0                              1.50    4.48   -2.98 (VIOLATED)
_30762_/S0                              1.50    4.48   -2.98 (VIOLATED)
_30763_/S0                              1.50    4.48   -2.98 (VIOLATED)
_30764_/S0                              1.50    4.48   -2.98 (VIOLATED)
_30765_/S0                              1.50    4.48   -2.98 (VIOLATED)
_30767_/S0                              1.50    4.48   -2.98 (VIOLATED)
_30768_/S0                              1.50    4.48   -2.98 (VIOLATED)
_30769_/S0                              1.50    4.48   -2.98 (VIOLATED)
_30770_/S0                              1.50    4.48   -2.98 (VIOLATED)
_30771_/S0                              1.50    4.48   -2.98 (VIOLATED)
_30773_/S0                              1.50    4.48   -2.98 (VIOLATED)
_30774_/S0                              1.50    4.48   -2.98 (VIOLATED)
_30775_/S0                              1.50    4.48   -2.98 (VIOLATED)
_30776_/S0                              1.50    4.48   -2.98 (VIOLATED)
_30777_/S0                              1.50    4.48   -2.98 (VIOLATED)
_30779_/S0                              1.50    4.48   -2.98 (VIOLATED)
_30780_/S0                              1.50    4.48   -2.98 (VIOLATED)
_30781_/S0                              1.50    4.48   -2.98 (VIOLATED)
_30782_/S0                              1.50    4.48   -2.98 (VIOLATED)
_30783_/S0                              1.50    4.48   -2.98 (VIOLATED)
_30785_/S0                              1.50    4.48   -2.98 (VIOLATED)
_30786_/S0                              1.50    4.48   -2.98 (VIOLATED)
_30787_/S0                              1.50    4.48   -2.98 (VIOLATED)
_30788_/S0                              1.50    4.48   -2.98 (VIOLATED)
_30789_/S0                              1.50    4.48   -2.98 (VIOLATED)
_30296_/X                               1.49    3.02   -1.53 (VIOLATED)
_15599_/A                               1.50    3.02   -1.52 (VIOLATED)
_30599_/S1                              1.50    3.02   -1.52 (VIOLATED)
_30600_/S1                              1.50    3.02   -1.52 (VIOLATED)
_30601_/S1                              1.50    3.02   -1.52 (VIOLATED)
_30602_/S1                              1.50    3.02   -1.52 (VIOLATED)
_30603_/S1                              1.50    3.02   -1.52 (VIOLATED)
_30605_/S1                              1.50    3.02   -1.52 (VIOLATED)
_30606_/S1                              1.50    3.02   -1.52 (VIOLATED)
_30607_/S1                              1.50    3.02   -1.52 (VIOLATED)
_30608_/S1                              1.50    3.02   -1.52 (VIOLATED)
_30609_/S1                              1.50    3.02   -1.52 (VIOLATED)
_30611_/S1                              1.50    3.02   -1.52 (VIOLATED)
_30612_/S1                              1.50    3.02   -1.52 (VIOLATED)
_30613_/S1                              1.50    3.02   -1.52 (VIOLATED)
_30614_/S1                              1.50    3.02   -1.52 (VIOLATED)
_30615_/S1                              1.50    3.02   -1.52 (VIOLATED)
_30617_/S1                              1.50    3.02   -1.52 (VIOLATED)
_30618_/S1                              1.50    3.02   -1.52 (VIOLATED)
_30619_/S1                              1.50    3.02   -1.52 (VIOLATED)
_30620_/S1                              1.50    3.02   -1.52 (VIOLATED)
_30621_/S1                              1.50    3.02   -1.52 (VIOLATED)
_30623_/S1                              1.50    3.02   -1.52 (VIOLATED)
_30624_/S1                              1.50    3.02   -1.52 (VIOLATED)
_30625_/S1                              1.50    3.02   -1.52 (VIOLATED)
_30626_/S1                              1.50    3.02   -1.52 (VIOLATED)
_30627_/S1                              1.50    3.02   -1.52 (VIOLATED)
_30629_/S1                              1.50    3.02   -1.52 (VIOLATED)
_30630_/S1                              1.50    3.02   -1.52 (VIOLATED)
_30631_/S1                              1.50    3.02   -1.52 (VIOLATED)
_30632_/S1                              1.50    3.02   -1.52 (VIOLATED)
_30633_/S1                              1.50    3.02   -1.52 (VIOLATED)
_30635_/S1                              1.50    3.02   -1.52 (VIOLATED)
_30636_/S1                              1.50    3.02   -1.52 (VIOLATED)
_30637_/S1                              1.50    3.02   -1.52 (VIOLATED)
_30638_/S1                              1.50    3.02   -1.52 (VIOLATED)
_30639_/S1                              1.50    3.02   -1.52 (VIOLATED)
_30641_/S1                              1.50    3.02   -1.52 (VIOLATED)
_30642_/S1                              1.50    3.02   -1.52 (VIOLATED)
_30643_/S1                              1.50    3.02   -1.52 (VIOLATED)
_30644_/S1                              1.50    3.02   -1.52 (VIOLATED)
_30645_/S1                              1.50    3.02   -1.52 (VIOLATED)
_30647_/S1                              1.50    3.02   -1.52 (VIOLATED)
_30648_/S1                              1.50    3.02   -1.52 (VIOLATED)
_30649_/S1                              1.50    3.02   -1.52 (VIOLATED)
_30650_/S1                              1.50    3.02   -1.52 (VIOLATED)
_30651_/S1                              1.50    3.02   -1.52 (VIOLATED)
_30653_/S1                              1.50    3.02   -1.52 (VIOLATED)
_30654_/S1                              1.50    3.02   -1.52 (VIOLATED)
_30655_/S1                              1.50    3.02   -1.52 (VIOLATED)
_30656_/S1                              1.50    3.02   -1.52 (VIOLATED)
_30657_/S1                              1.50    3.02   -1.52 (VIOLATED)
_30659_/S1                              1.50    3.02   -1.52 (VIOLATED)
_30660_/S1                              1.50    3.02   -1.52 (VIOLATED)
_30661_/S1                              1.50    3.02   -1.52 (VIOLATED)
_30662_/S1                              1.50    3.02   -1.52 (VIOLATED)
_30663_/S1                              1.50    3.02   -1.52 (VIOLATED)
_30665_/S1                              1.50    3.02   -1.52 (VIOLATED)
_30666_/S1                              1.50    3.02   -1.52 (VIOLATED)
_30667_/S1                              1.50    3.02   -1.52 (VIOLATED)
_30668_/S1                              1.50    3.02   -1.52 (VIOLATED)
_30669_/S1                              1.50    3.02   -1.52 (VIOLATED)
_30671_/S1                              1.50    3.02   -1.52 (VIOLATED)
_30672_/S1                              1.50    3.02   -1.52 (VIOLATED)
_30673_/S1                              1.50    3.02   -1.52 (VIOLATED)
_30674_/S1                              1.50    3.02   -1.52 (VIOLATED)
_30675_/S1                              1.50    3.02   -1.52 (VIOLATED)
_30677_/S1                              1.50    3.02   -1.52 (VIOLATED)
_30678_/S1                              1.50    3.02   -1.52 (VIOLATED)
_30679_/S1                              1.50    3.02   -1.52 (VIOLATED)
_30680_/S1                              1.50    3.02   -1.52 (VIOLATED)
_30681_/S1                              1.50    3.02   -1.52 (VIOLATED)
_30683_/S1                              1.50    3.02   -1.52 (VIOLATED)
_30684_/S1                              1.50    3.02   -1.52 (VIOLATED)
_30685_/S1                              1.50    3.02   -1.52 (VIOLATED)
_30686_/S1                              1.50    3.02   -1.52 (VIOLATED)
_30687_/S1                              1.50    3.02   -1.52 (VIOLATED)
_30689_/S1                              1.50    3.02   -1.52 (VIOLATED)
_30690_/S1                              1.50    3.02   -1.52 (VIOLATED)
_30691_/S1                              1.50    3.02   -1.52 (VIOLATED)
_30692_/S1                              1.50    3.02   -1.52 (VIOLATED)
_30693_/S1                              1.50    3.02   -1.52 (VIOLATED)
_30695_/S1                              1.50    3.02   -1.52 (VIOLATED)
_30696_/S1                              1.50    3.02   -1.52 (VIOLATED)
_30697_/S1                              1.50    3.02   -1.52 (VIOLATED)
_30698_/S1                              1.50    3.02   -1.52 (VIOLATED)
_30699_/S1                              1.50    3.02   -1.52 (VIOLATED)
_30701_/S1                              1.50    3.02   -1.52 (VIOLATED)
_30702_/S1                              1.50    3.02   -1.52 (VIOLATED)
_30703_/S1                              1.50    3.02   -1.52 (VIOLATED)
_30704_/S1                              1.50    3.02   -1.52 (VIOLATED)
_30705_/S1                              1.50    3.02   -1.52 (VIOLATED)
_30707_/S1                              1.50    3.02   -1.52 (VIOLATED)
_30708_/S1                              1.50    3.02   -1.52 (VIOLATED)
_30709_/S1                              1.50    3.02   -1.52 (VIOLATED)
_30710_/S1                              1.50    3.02   -1.52 (VIOLATED)
_30711_/S1                              1.50    3.02   -1.52 (VIOLATED)
_30713_/S1                              1.50    3.02   -1.52 (VIOLATED)
_30714_/S1                              1.50    3.02   -1.52 (VIOLATED)
_30715_/S1                              1.50    3.02   -1.52 (VIOLATED)
_30716_/S1                              1.50    3.02   -1.52 (VIOLATED)
_30717_/S1                              1.50    3.02   -1.52 (VIOLATED)
_30719_/S1                              1.50    3.02   -1.52 (VIOLATED)
_30720_/S1                              1.50    3.02   -1.52 (VIOLATED)
_30721_/S1                              1.50    3.02   -1.52 (VIOLATED)
_30722_/S1                              1.50    3.02   -1.52 (VIOLATED)
_30723_/S1                              1.50    3.02   -1.52 (VIOLATED)
_30725_/S1                              1.50    3.02   -1.52 (VIOLATED)
_30726_/S1                              1.50    3.02   -1.52 (VIOLATED)
_30727_/S1                              1.50    3.02   -1.52 (VIOLATED)
_30728_/S1                              1.50    3.02   -1.52 (VIOLATED)
_30729_/S1                              1.50    3.02   -1.52 (VIOLATED)
_30731_/S1                              1.50    3.02   -1.52 (VIOLATED)
_30732_/S1                              1.50    3.02   -1.52 (VIOLATED)
_30733_/S1                              1.50    3.02   -1.52 (VIOLATED)
_30734_/S1                              1.50    3.02   -1.52 (VIOLATED)
_30735_/S1                              1.50    3.02   -1.52 (VIOLATED)
_30737_/S1                              1.50    3.02   -1.52 (VIOLATED)
_30738_/S1                              1.50    3.02   -1.52 (VIOLATED)
_30739_/S1                              1.50    3.02   -1.52 (VIOLATED)
_30740_/S1                              1.50    3.02   -1.52 (VIOLATED)
_30741_/S1                              1.50    3.02   -1.52 (VIOLATED)
_30743_/S1                              1.50    3.02   -1.52 (VIOLATED)
_30744_/S1                              1.50    3.02   -1.52 (VIOLATED)
_30745_/S1                              1.50    3.02   -1.52 (VIOLATED)
_30746_/S1                              1.50    3.02   -1.52 (VIOLATED)
_30747_/S1                              1.50    3.02   -1.52 (VIOLATED)
_30749_/S1                              1.50    3.02   -1.52 (VIOLATED)
_30750_/S1                              1.50    3.02   -1.52 (VIOLATED)
_30751_/S1                              1.50    3.02   -1.52 (VIOLATED)
_30752_/S1                              1.50    3.02   -1.52 (VIOLATED)
_30753_/S1                              1.50    3.02   -1.52 (VIOLATED)
_30755_/S1                              1.50    3.02   -1.52 (VIOLATED)
_30756_/S1                              1.50    3.02   -1.52 (VIOLATED)
_30757_/S1                              1.50    3.02   -1.52 (VIOLATED)
_30758_/S1                              1.50    3.02   -1.52 (VIOLATED)
_30759_/S1                              1.50    3.02   -1.52 (VIOLATED)
_30761_/S1                              1.50    3.02   -1.52 (VIOLATED)
_30762_/S1                              1.50    3.02   -1.52 (VIOLATED)
_30763_/S1                              1.50    3.02   -1.52 (VIOLATED)
_30764_/S1                              1.50    3.02   -1.52 (VIOLATED)
_30765_/S1                              1.50    3.02   -1.52 (VIOLATED)
_30767_/S1                              1.50    3.02   -1.52 (VIOLATED)
_30768_/S1                              1.50    3.02   -1.52 (VIOLATED)
_30769_/S1                              1.50    3.02   -1.52 (VIOLATED)
_30770_/S1                              1.50    3.02   -1.52 (VIOLATED)
_30771_/S1                              1.50    3.02   -1.52 (VIOLATED)
_30773_/S1                              1.50    3.02   -1.52 (VIOLATED)
_30774_/S1                              1.50    3.02   -1.52 (VIOLATED)
_30775_/S1                              1.50    3.02   -1.52 (VIOLATED)
_30776_/S1                              1.50    3.02   -1.52 (VIOLATED)
_30777_/S1                              1.50    3.02   -1.52 (VIOLATED)
_30779_/S1                              1.50    3.02   -1.52 (VIOLATED)
_30780_/S1                              1.50    3.02   -1.52 (VIOLATED)
_30781_/S1                              1.50    3.02   -1.52 (VIOLATED)
_30782_/S1                              1.50    3.02   -1.52 (VIOLATED)
_30783_/S1                              1.50    3.02   -1.52 (VIOLATED)
_30785_/S1                              1.50    3.02   -1.52 (VIOLATED)
_30786_/S1                              1.50    3.02   -1.52 (VIOLATED)
_30787_/S1                              1.50    3.02   -1.52 (VIOLATED)
_30788_/S1                              1.50    3.02   -1.52 (VIOLATED)
_30789_/S1                              1.50    3.02   -1.52 (VIOLATED)

max capacitance

Pin                                    Limit     Cap   Slack
------------------------------------------------------------
_30297_/X                               0.11    0.69   -0.58 (VIOLATED)
_30296_/X                               0.11    0.47   -0.36 (VIOLATED)
_31993_/Q                               0.19    0.27   -0.07 (VIOLATED)
_20173_/Y                               0.09    0.16   -0.07 (VIOLATED)
_31992_/Q                               0.19    0.26   -0.07 (VIOLATED)
_15519_/Y                               0.05    0.12   -0.07 (VIOLATED)
_19661_/Y                               0.05    0.12   -0.07 (VIOLATED)
_31994_/Q                               0.19    0.25   -0.05 (VIOLATED)
_18345_/X                               0.08    0.14   -0.05 (VIOLATED)
_15587_/Y                               0.09    0.14   -0.05 (VIOLATED)
_18866_/X                               0.08    0.13   -0.05 (VIOLATED)
_15536_/X                               0.08    0.12   -0.04 (VIOLATED)
_31995_/Q                               0.19    0.23   -0.04 (VIOLATED)
_18855_/Y                               0.09    0.12   -0.04 (VIOLATED)
_30295_/X                               0.11    0.14   -0.03 (VIOLATED)
_15540_/Y                               0.09    0.12   -0.03 (VIOLATED)
_18573_/Y                               0.09    0.12   -0.03 (VIOLATED)
_31996_/Q                               0.19    0.21   -0.02 (VIOLATED)
_29375_/X                               0.11    0.12   -0.02 (VIOLATED)
_30293_/X                               0.11    0.12   -0.01 (VIOLATED)
_15451_/Y                               0.12    0.12   -0.01 (VIOLATED)
_20367_/Y                               0.09    0.09   -0.00 (VIOLATED)

