max slew

Pin                                    Limit    Slew   Slack
------------------------------------------------------------
_13138_/B                               1.50    8.48   -6.98 (VIOLATED)
_25789_/S0                              1.50    8.48   -6.98 (VIOLATED)
_25790_/S0                              1.50    8.48   -6.98 (VIOLATED)
_25791_/S0                              1.50    8.48   -6.98 (VIOLATED)
_25792_/S0                              1.50    8.48   -6.98 (VIOLATED)
_25793_/S0                              1.50    8.48   -6.98 (VIOLATED)
_25795_/S0                              1.50    8.48   -6.98 (VIOLATED)
_25796_/S0                              1.50    8.48   -6.98 (VIOLATED)
_25797_/S0                              1.50    8.48   -6.98 (VIOLATED)
_25798_/S0                              1.50    8.48   -6.98 (VIOLATED)
_25799_/S0                              1.50    8.48   -6.98 (VIOLATED)
_25801_/S0                              1.50    8.48   -6.98 (VIOLATED)
_25802_/S0                              1.50    8.48   -6.98 (VIOLATED)
_25803_/S0                              1.50    8.48   -6.98 (VIOLATED)
_25804_/S0                              1.50    8.48   -6.98 (VIOLATED)
_25805_/S0                              1.50    8.48   -6.98 (VIOLATED)
_25807_/S0                              1.50    8.48   -6.98 (VIOLATED)
_25808_/S0                              1.50    8.48   -6.98 (VIOLATED)
_25809_/S0                              1.50    8.48   -6.98 (VIOLATED)
_25810_/S0                              1.50    8.48   -6.98 (VIOLATED)
_25811_/S0                              1.50    8.48   -6.98 (VIOLATED)
_25813_/S0                              1.50    8.48   -6.98 (VIOLATED)
_25814_/S0                              1.50    8.48   -6.98 (VIOLATED)
_25815_/S0                              1.50    8.48   -6.98 (VIOLATED)
_25816_/S0                              1.50    8.48   -6.98 (VIOLATED)
_25817_/S0                              1.50    8.48   -6.98 (VIOLATED)
_25819_/S0                              1.50    8.48   -6.98 (VIOLATED)
_25820_/S0                              1.50    8.48   -6.98 (VIOLATED)
_25821_/S0                              1.50    8.48   -6.98 (VIOLATED)
_25822_/S0                              1.50    8.48   -6.98 (VIOLATED)
_25823_/S0                              1.50    8.48   -6.98 (VIOLATED)
_25825_/S0                              1.50    8.48   -6.98 (VIOLATED)
_25826_/S0                              1.50    8.48   -6.98 (VIOLATED)
_25827_/S0                              1.50    8.48   -6.98 (VIOLATED)
_25828_/S0                              1.50    8.48   -6.98 (VIOLATED)
_25829_/S0                              1.50    8.48   -6.98 (VIOLATED)
_25831_/S0                              1.50    8.48   -6.98 (VIOLATED)
_25832_/S0                              1.50    8.48   -6.98 (VIOLATED)
_25833_/S0                              1.50    8.48   -6.98 (VIOLATED)
_25834_/S0                              1.50    8.48   -6.98 (VIOLATED)
_25835_/S0                              1.50    8.48   -6.98 (VIOLATED)
_25837_/S0                              1.50    8.48   -6.98 (VIOLATED)
_25838_/S0                              1.50    8.48   -6.98 (VIOLATED)
_25839_/S0                              1.50    8.48   -6.98 (VIOLATED)
_25840_/S0                              1.50    8.48   -6.98 (VIOLATED)
_25841_/S0                              1.50    8.48   -6.98 (VIOLATED)
_25843_/S0                              1.50    8.48   -6.98 (VIOLATED)
_25844_/S0                              1.50    8.48   -6.98 (VIOLATED)
_25845_/S0                              1.50    8.48   -6.98 (VIOLATED)
_25846_/S0                              1.50    8.48   -6.98 (VIOLATED)
_25847_/S0                              1.50    8.48   -6.98 (VIOLATED)
_25849_/S0                              1.50    8.48   -6.98 (VIOLATED)
_25850_/S0                              1.50    8.48   -6.98 (VIOLATED)
_25851_/S0                              1.50    8.48   -6.98 (VIOLATED)
_25852_/S0                              1.50    8.48   -6.98 (VIOLATED)
_25853_/S0                              1.50    8.48   -6.98 (VIOLATED)
_25855_/S0                              1.50    8.48   -6.98 (VIOLATED)
_25856_/S0                              1.50    8.48   -6.98 (VIOLATED)
_25857_/S0                              1.50    8.48   -6.98 (VIOLATED)
_25858_/S0                              1.50    8.48   -6.98 (VIOLATED)
_25859_/S0                              1.50    8.48   -6.98 (VIOLATED)
_25861_/S0                              1.50    8.48   -6.98 (VIOLATED)
_25862_/S0                              1.50    8.48   -6.98 (VIOLATED)
_25863_/S0                              1.50    8.48   -6.98 (VIOLATED)
_25864_/S0                              1.50    8.48   -6.98 (VIOLATED)
_25865_/S0                              1.50    8.48   -6.98 (VIOLATED)
_25867_/S0                              1.50    8.48   -6.98 (VIOLATED)
_25868_/S0                              1.50    8.48   -6.98 (VIOLATED)
_25869_/S0                              1.50    8.48   -6.98 (VIOLATED)
_25870_/S0                              1.50    8.48   -6.98 (VIOLATED)
_25871_/S0                              1.50    8.48   -6.98 (VIOLATED)
_25873_/S0                              1.50    8.48   -6.98 (VIOLATED)
_25874_/S0                              1.50    8.48   -6.98 (VIOLATED)
_25875_/S0                              1.50    8.48   -6.98 (VIOLATED)
_25876_/S0                              1.50    8.48   -6.98 (VIOLATED)
_25877_/S0                              1.50    8.48   -6.98 (VIOLATED)
_25879_/S0                              1.50    8.48   -6.98 (VIOLATED)
_25880_/S0                              1.50    8.48   -6.98 (VIOLATED)
_25881_/S0                              1.50    8.48   -6.98 (VIOLATED)
_25882_/S0                              1.50    8.48   -6.98 (VIOLATED)
_25883_/S0                              1.50    8.48   -6.98 (VIOLATED)
_25885_/S0                              1.50    8.48   -6.98 (VIOLATED)
_25886_/S0                              1.50    8.48   -6.98 (VIOLATED)
_25887_/S0                              1.50    8.48   -6.98 (VIOLATED)
_25888_/S0                              1.50    8.48   -6.98 (VIOLATED)
_25889_/S0                              1.50    8.48   -6.98 (VIOLATED)
_25891_/S0                              1.50    8.48   -6.98 (VIOLATED)
_25892_/S0                              1.50    8.48   -6.98 (VIOLATED)
_25893_/S0                              1.50    8.48   -6.98 (VIOLATED)
_25894_/S0                              1.50    8.48   -6.98 (VIOLATED)
_25895_/S0                              1.50    8.48   -6.98 (VIOLATED)
_25897_/S0                              1.50    8.48   -6.98 (VIOLATED)
_25898_/S0                              1.50    8.48   -6.98 (VIOLATED)
_25899_/S0                              1.50    8.48   -6.98 (VIOLATED)
_25900_/S0                              1.50    8.48   -6.98 (VIOLATED)
_25901_/S0                              1.50    8.48   -6.98 (VIOLATED)
_25903_/S0                              1.50    8.48   -6.98 (VIOLATED)
_25904_/S0                              1.50    8.48   -6.98 (VIOLATED)
_25905_/S0                              1.50    8.48   -6.98 (VIOLATED)
_25906_/S0                              1.50    8.48   -6.98 (VIOLATED)
_25907_/S0                              1.50    8.48   -6.98 (VIOLATED)
_25909_/S0                              1.50    8.48   -6.98 (VIOLATED)
_25910_/S0                              1.50    8.48   -6.98 (VIOLATED)
_25911_/S0                              1.50    8.48   -6.98 (VIOLATED)
_25912_/S0                              1.50    8.48   -6.98 (VIOLATED)
_25913_/S0                              1.50    8.48   -6.98 (VIOLATED)
_25915_/S0                              1.50    8.48   -6.98 (VIOLATED)
_25916_/S0                              1.50    8.48   -6.98 (VIOLATED)
_25917_/S0                              1.50    8.48   -6.98 (VIOLATED)
_25918_/S0                              1.50    8.48   -6.98 (VIOLATED)
_25919_/S0                              1.50    8.48   -6.98 (VIOLATED)
_25921_/S0                              1.50    8.48   -6.98 (VIOLATED)
_25922_/S0                              1.50    8.48   -6.98 (VIOLATED)
_25923_/S0                              1.50    8.48   -6.98 (VIOLATED)
_25924_/S0                              1.50    8.48   -6.98 (VIOLATED)
_25925_/S0                              1.50    8.48   -6.98 (VIOLATED)
_25927_/S0                              1.50    8.48   -6.98 (VIOLATED)
_25928_/S0                              1.50    8.48   -6.98 (VIOLATED)
_25929_/S0                              1.50    8.48   -6.98 (VIOLATED)
_25930_/S0                              1.50    8.48   -6.98 (VIOLATED)
_25931_/S0                              1.50    8.48   -6.98 (VIOLATED)
_25933_/S0                              1.50    8.48   -6.98 (VIOLATED)
_25934_/S0                              1.50    8.48   -6.98 (VIOLATED)
_25935_/S0                              1.50    8.48   -6.98 (VIOLATED)
_25936_/S0                              1.50    8.48   -6.98 (VIOLATED)
_25937_/S0                              1.50    8.48   -6.98 (VIOLATED)
_25939_/S0                              1.50    8.48   -6.98 (VIOLATED)
_25940_/S0                              1.50    8.48   -6.98 (VIOLATED)
_25941_/S0                              1.50    8.48   -6.98 (VIOLATED)
_25942_/S0                              1.50    8.48   -6.98 (VIOLATED)
_25943_/S0                              1.50    8.48   -6.98 (VIOLATED)
_25945_/S0                              1.50    8.48   -6.98 (VIOLATED)
_25946_/S0                              1.50    8.48   -6.98 (VIOLATED)
_25947_/S0                              1.50    8.48   -6.98 (VIOLATED)
_25948_/S0                              1.50    8.48   -6.98 (VIOLATED)
_25949_/S0                              1.50    8.48   -6.98 (VIOLATED)
_25951_/S0                              1.50    8.48   -6.98 (VIOLATED)
_25952_/S0                              1.50    8.48   -6.98 (VIOLATED)
_25953_/S0                              1.50    8.48   -6.98 (VIOLATED)
_25954_/S0                              1.50    8.48   -6.98 (VIOLATED)
_25955_/S0                              1.50    8.48   -6.98 (VIOLATED)
_25957_/S0                              1.50    8.48   -6.98 (VIOLATED)
_25958_/S0                              1.50    8.48   -6.98 (VIOLATED)
_25959_/S0                              1.50    8.48   -6.98 (VIOLATED)
_25960_/S0                              1.50    8.48   -6.98 (VIOLATED)
_25961_/S0                              1.50    8.48   -6.98 (VIOLATED)
_25963_/S0                              1.50    8.48   -6.98 (VIOLATED)
_25964_/S0                              1.50    8.48   -6.98 (VIOLATED)
_25965_/S0                              1.50    8.48   -6.98 (VIOLATED)
_25966_/S0                              1.50    8.48   -6.98 (VIOLATED)
_25967_/S0                              1.50    8.48   -6.98 (VIOLATED)
_25969_/S0                              1.50    8.48   -6.98 (VIOLATED)
_25970_/S0                              1.50    8.48   -6.98 (VIOLATED)
_25971_/S0                              1.50    8.48   -6.98 (VIOLATED)
_25972_/S0                              1.50    8.48   -6.98 (VIOLATED)
_25973_/S0                              1.50    8.48   -6.98 (VIOLATED)
_25975_/S0                              1.50    8.48   -6.98 (VIOLATED)
_25976_/S0                              1.50    8.48   -6.98 (VIOLATED)
_25977_/S0                              1.50    8.48   -6.98 (VIOLATED)
_25978_/S0                              1.50    8.48   -6.98 (VIOLATED)
_25979_/S0                              1.50    8.48   -6.98 (VIOLATED)
_25487_/X                               1.51    8.48   -6.98 (VIOLATED)
_13138_/A                               1.50    5.71   -4.21 (VIOLATED)
_25789_/S1                              1.50    5.71   -4.21 (VIOLATED)
_25790_/S1                              1.50    5.71   -4.21 (VIOLATED)
_25791_/S1                              1.50    5.71   -4.21 (VIOLATED)
_25792_/S1                              1.50    5.71   -4.21 (VIOLATED)
_25793_/S1                              1.50    5.71   -4.21 (VIOLATED)
_25795_/S1                              1.50    5.71   -4.21 (VIOLATED)
_25796_/S1                              1.50    5.71   -4.21 (VIOLATED)
_25797_/S1                              1.50    5.71   -4.21 (VIOLATED)
_25798_/S1                              1.50    5.71   -4.21 (VIOLATED)
_25799_/S1                              1.50    5.71   -4.21 (VIOLATED)
_25801_/S1                              1.50    5.71   -4.21 (VIOLATED)
_25802_/S1                              1.50    5.71   -4.21 (VIOLATED)
_25803_/S1                              1.50    5.71   -4.21 (VIOLATED)
_25804_/S1                              1.50    5.71   -4.21 (VIOLATED)
_25805_/S1                              1.50    5.71   -4.21 (VIOLATED)
_25807_/S1                              1.50    5.71   -4.21 (VIOLATED)
_25808_/S1                              1.50    5.71   -4.21 (VIOLATED)
_25809_/S1                              1.50    5.71   -4.21 (VIOLATED)
_25810_/S1                              1.50    5.71   -4.21 (VIOLATED)
_25811_/S1                              1.50    5.71   -4.21 (VIOLATED)
_25813_/S1                              1.50    5.71   -4.21 (VIOLATED)
_25814_/S1                              1.50    5.71   -4.21 (VIOLATED)
_25815_/S1                              1.50    5.71   -4.21 (VIOLATED)
_25816_/S1                              1.50    5.71   -4.21 (VIOLATED)
_25817_/S1                              1.50    5.71   -4.21 (VIOLATED)
_25819_/S1                              1.50    5.71   -4.21 (VIOLATED)
_25820_/S1                              1.50    5.71   -4.21 (VIOLATED)
_25821_/S1                              1.50    5.71   -4.21 (VIOLATED)
_25822_/S1                              1.50    5.71   -4.21 (VIOLATED)
_25823_/S1                              1.50    5.71   -4.21 (VIOLATED)
_25825_/S1                              1.50    5.71   -4.21 (VIOLATED)
_25826_/S1                              1.50    5.71   -4.21 (VIOLATED)
_25827_/S1                              1.50    5.71   -4.21 (VIOLATED)
_25828_/S1                              1.50    5.71   -4.21 (VIOLATED)
_25829_/S1                              1.50    5.71   -4.21 (VIOLATED)
_25831_/S1                              1.50    5.71   -4.21 (VIOLATED)
_25832_/S1                              1.50    5.71   -4.21 (VIOLATED)
_25833_/S1                              1.50    5.71   -4.21 (VIOLATED)
_25834_/S1                              1.50    5.71   -4.21 (VIOLATED)
_25835_/S1                              1.50    5.71   -4.21 (VIOLATED)
_25837_/S1                              1.50    5.71   -4.21 (VIOLATED)
_25838_/S1                              1.50    5.71   -4.21 (VIOLATED)
_25839_/S1                              1.50    5.71   -4.21 (VIOLATED)
_25840_/S1                              1.50    5.71   -4.21 (VIOLATED)
_25841_/S1                              1.50    5.71   -4.21 (VIOLATED)
_25843_/S1                              1.50    5.71   -4.21 (VIOLATED)
_25844_/S1                              1.50    5.71   -4.21 (VIOLATED)
_25845_/S1                              1.50    5.71   -4.21 (VIOLATED)
_25846_/S1                              1.50    5.71   -4.21 (VIOLATED)
_25847_/S1                              1.50    5.71   -4.21 (VIOLATED)
_25849_/S1                              1.50    5.71   -4.21 (VIOLATED)
_25850_/S1                              1.50    5.71   -4.21 (VIOLATED)
_25851_/S1                              1.50    5.71   -4.21 (VIOLATED)
_25852_/S1                              1.50    5.71   -4.21 (VIOLATED)
_25853_/S1                              1.50    5.71   -4.21 (VIOLATED)
_25855_/S1                              1.50    5.71   -4.21 (VIOLATED)
_25856_/S1                              1.50    5.71   -4.21 (VIOLATED)
_25857_/S1                              1.50    5.71   -4.21 (VIOLATED)
_25858_/S1                              1.50    5.71   -4.21 (VIOLATED)
_25859_/S1                              1.50    5.71   -4.21 (VIOLATED)
_25861_/S1                              1.50    5.71   -4.21 (VIOLATED)
_25862_/S1                              1.50    5.71   -4.21 (VIOLATED)
_25863_/S1                              1.50    5.71   -4.21 (VIOLATED)
_25864_/S1                              1.50    5.71   -4.21 (VIOLATED)
_25865_/S1                              1.50    5.71   -4.21 (VIOLATED)
_25867_/S1                              1.50    5.71   -4.21 (VIOLATED)
_25868_/S1                              1.50    5.71   -4.21 (VIOLATED)
_25869_/S1                              1.50    5.71   -4.21 (VIOLATED)
_25870_/S1                              1.50    5.71   -4.21 (VIOLATED)
_25871_/S1                              1.50    5.71   -4.21 (VIOLATED)
_25873_/S1                              1.50    5.71   -4.21 (VIOLATED)
_25874_/S1                              1.50    5.71   -4.21 (VIOLATED)
_25875_/S1                              1.50    5.71   -4.21 (VIOLATED)
_25876_/S1                              1.50    5.71   -4.21 (VIOLATED)
_25877_/S1                              1.50    5.71   -4.21 (VIOLATED)
_25879_/S1                              1.50    5.71   -4.21 (VIOLATED)
_25880_/S1                              1.50    5.71   -4.21 (VIOLATED)
_25881_/S1                              1.50    5.71   -4.21 (VIOLATED)
_25882_/S1                              1.50    5.71   -4.21 (VIOLATED)
_25883_/S1                              1.50    5.71   -4.21 (VIOLATED)
_25885_/S1                              1.50    5.71   -4.21 (VIOLATED)
_25886_/S1                              1.50    5.71   -4.21 (VIOLATED)
_25887_/S1                              1.50    5.71   -4.21 (VIOLATED)
_25888_/S1                              1.50    5.71   -4.21 (VIOLATED)
_25889_/S1                              1.50    5.71   -4.21 (VIOLATED)
_25891_/S1                              1.50    5.71   -4.21 (VIOLATED)
_25892_/S1                              1.50    5.71   -4.21 (VIOLATED)
_25893_/S1                              1.50    5.71   -4.21 (VIOLATED)
_25894_/S1                              1.50    5.71   -4.21 (VIOLATED)
_25895_/S1                              1.50    5.71   -4.21 (VIOLATED)
_25897_/S1                              1.50    5.71   -4.21 (VIOLATED)
_25898_/S1                              1.50    5.71   -4.21 (VIOLATED)
_25899_/S1                              1.50    5.71   -4.21 (VIOLATED)
_25900_/S1                              1.50    5.71   -4.21 (VIOLATED)
_25901_/S1                              1.50    5.71   -4.21 (VIOLATED)
_25903_/S1                              1.50    5.71   -4.21 (VIOLATED)
_25904_/S1                              1.50    5.71   -4.21 (VIOLATED)
_25905_/S1                              1.50    5.71   -4.21 (VIOLATED)
_25906_/S1                              1.50    5.71   -4.21 (VIOLATED)
_25907_/S1                              1.50    5.71   -4.21 (VIOLATED)
_25909_/S1                              1.50    5.71   -4.21 (VIOLATED)
_25910_/S1                              1.50    5.71   -4.21 (VIOLATED)
_25911_/S1                              1.50    5.71   -4.21 (VIOLATED)
_25912_/S1                              1.50    5.71   -4.21 (VIOLATED)
_25913_/S1                              1.50    5.71   -4.21 (VIOLATED)
_25915_/S1                              1.50    5.71   -4.21 (VIOLATED)
_25916_/S1                              1.50    5.71   -4.21 (VIOLATED)
_25917_/S1                              1.50    5.71   -4.21 (VIOLATED)
_25918_/S1                              1.50    5.71   -4.21 (VIOLATED)
_25919_/S1                              1.50    5.71   -4.21 (VIOLATED)
_25921_/S1                              1.50    5.71   -4.21 (VIOLATED)
_25922_/S1                              1.50    5.71   -4.21 (VIOLATED)
_25923_/S1                              1.50    5.71   -4.21 (VIOLATED)
_25924_/S1                              1.50    5.71   -4.21 (VIOLATED)
_25925_/S1                              1.50    5.71   -4.21 (VIOLATED)
_25927_/S1                              1.50    5.71   -4.21 (VIOLATED)
_25928_/S1                              1.50    5.71   -4.21 (VIOLATED)
_25929_/S1                              1.50    5.71   -4.21 (VIOLATED)
_25930_/S1                              1.50    5.71   -4.21 (VIOLATED)
_25931_/S1                              1.50    5.71   -4.21 (VIOLATED)
_25933_/S1                              1.50    5.71   -4.21 (VIOLATED)
_25934_/S1                              1.50    5.71   -4.21 (VIOLATED)
_25935_/S1                              1.50    5.71   -4.21 (VIOLATED)
_25936_/S1                              1.50    5.71   -4.21 (VIOLATED)
_25937_/S1                              1.50    5.71   -4.21 (VIOLATED)
_25939_/S1                              1.50    5.71   -4.21 (VIOLATED)
_25940_/S1                              1.50    5.71   -4.21 (VIOLATED)
_25941_/S1                              1.50    5.71   -4.21 (VIOLATED)
_25942_/S1                              1.50    5.71   -4.21 (VIOLATED)
_25943_/S1                              1.50    5.71   -4.21 (VIOLATED)
_25945_/S1                              1.50    5.71   -4.21 (VIOLATED)
_25946_/S1                              1.50    5.71   -4.21 (VIOLATED)
_25947_/S1                              1.50    5.71   -4.21 (VIOLATED)
_25948_/S1                              1.50    5.71   -4.21 (VIOLATED)
_25949_/S1                              1.50    5.71   -4.21 (VIOLATED)
_25951_/S1                              1.50    5.71   -4.21 (VIOLATED)
_25952_/S1                              1.50    5.71   -4.21 (VIOLATED)
_25953_/S1                              1.50    5.71   -4.21 (VIOLATED)
_25954_/S1                              1.50    5.71   -4.21 (VIOLATED)
_25955_/S1                              1.50    5.71   -4.21 (VIOLATED)
_25957_/S1                              1.50    5.71   -4.21 (VIOLATED)
_25958_/S1                              1.50    5.71   -4.21 (VIOLATED)
_25959_/S1                              1.50    5.71   -4.21 (VIOLATED)
_25960_/S1                              1.50    5.71   -4.21 (VIOLATED)
_25961_/S1                              1.50    5.71   -4.21 (VIOLATED)
_25963_/S1                              1.50    5.71   -4.21 (VIOLATED)
_25964_/S1                              1.50    5.71   -4.21 (VIOLATED)
_25965_/S1                              1.50    5.71   -4.21 (VIOLATED)
_25966_/S1                              1.50    5.71   -4.21 (VIOLATED)
_25967_/S1                              1.50    5.71   -4.21 (VIOLATED)
_25969_/S1                              1.50    5.71   -4.21 (VIOLATED)
_25970_/S1                              1.50    5.71   -4.21 (VIOLATED)
_25971_/S1                              1.50    5.71   -4.21 (VIOLATED)
_25972_/S1                              1.50    5.71   -4.21 (VIOLATED)
_25973_/S1                              1.50    5.71   -4.21 (VIOLATED)
_25975_/S1                              1.50    5.71   -4.21 (VIOLATED)
_25976_/S1                              1.50    5.71   -4.21 (VIOLATED)
_25977_/S1                              1.50    5.71   -4.21 (VIOLATED)
_25978_/S1                              1.50    5.71   -4.21 (VIOLATED)
_25979_/S1                              1.50    5.71   -4.21 (VIOLATED)
_25486_/X                               1.51    5.71   -4.20 (VIOLATED)
_18488_/B                               1.50    2.88   -1.38 (VIOLATED)
_18489_/B                               1.50    2.88   -1.38 (VIOLATED)
_18490_/B                               1.50    2.88   -1.38 (VIOLATED)
_18491_/B                               1.50    2.88   -1.38 (VIOLATED)
_18492_/B                               1.50    2.88   -1.38 (VIOLATED)
_24626_/S                               1.50    2.88   -1.38 (VIOLATED)
_24627_/S                               1.50    2.88   -1.38 (VIOLATED)
_24628_/S                               1.50    2.88   -1.38 (VIOLATED)
_24629_/S                               1.50    2.88   -1.38 (VIOLATED)
_24630_/S                               1.50    2.88   -1.38 (VIOLATED)
_24631_/S                               1.50    2.88   -1.38 (VIOLATED)
_24632_/S                               1.50    2.88   -1.38 (VIOLATED)
_24633_/S                               1.50    2.88   -1.38 (VIOLATED)
_24634_/S                               1.50    2.88   -1.38 (VIOLATED)
_24635_/S                               1.50    2.88   -1.38 (VIOLATED)
_24636_/S                               1.50    2.88   -1.38 (VIOLATED)
_24637_/S                               1.50    2.88   -1.38 (VIOLATED)
_24638_/S                               1.50    2.88   -1.38 (VIOLATED)
_24639_/S                               1.50    2.88   -1.38 (VIOLATED)
_24640_/S                               1.50    2.88   -1.38 (VIOLATED)
_24641_/S                               1.50    2.88   -1.38 (VIOLATED)
_24642_/S                               1.50    2.88   -1.38 (VIOLATED)
_24643_/S                               1.50    2.88   -1.38 (VIOLATED)
_24644_/S                               1.50    2.88   -1.38 (VIOLATED)
_24645_/S                               1.50    2.88   -1.38 (VIOLATED)
_24646_/S                               1.50    2.88   -1.38 (VIOLATED)
_24647_/S                               1.50    2.88   -1.38 (VIOLATED)
_24648_/S                               1.50    2.88   -1.38 (VIOLATED)
_24649_/S                               1.50    2.88   -1.38 (VIOLATED)
_25260_/S                               1.50    2.88   -1.38 (VIOLATED)
_25266_/S                               1.50    2.88   -1.38 (VIOLATED)
_25272_/S                               1.50    2.88   -1.38 (VIOLATED)
_25278_/S                               1.50    2.88   -1.38 (VIOLATED)
_25284_/S                               1.50    2.88   -1.38 (VIOLATED)
_25290_/S                               1.50    2.88   -1.38 (VIOLATED)
_25296_/S                               1.50    2.88   -1.38 (VIOLATED)
_25302_/S                               1.50    2.88   -1.38 (VIOLATED)
_25307_/S                               1.50    2.88   -1.38 (VIOLATED)
_25313_/S                               1.50    2.88   -1.38 (VIOLATED)
_25319_/S                               1.50    2.88   -1.38 (VIOLATED)
_25325_/S                               1.50    2.88   -1.38 (VIOLATED)
_25331_/S                               1.50    2.88   -1.38 (VIOLATED)
_25337_/S                               1.50    2.88   -1.38 (VIOLATED)
_25343_/S                               1.50    2.88   -1.38 (VIOLATED)
_25349_/S                               1.50    2.88   -1.38 (VIOLATED)
_17606_/X                               1.51    2.88   -1.37 (VIOLATED)
_15687_/B2                              1.50    2.17   -0.67 (VIOLATED)
_15688_/B2                              1.50    2.17   -0.67 (VIOLATED)
_15689_/B2                              1.50    2.17   -0.67 (VIOLATED)
_15690_/B2                              1.50    2.17   -0.67 (VIOLATED)
_16356_/A                               1.50    2.17   -0.67 (VIOLATED)
_24650_/S                               1.50    2.17   -0.67 (VIOLATED)
_24651_/S                               1.50    2.17   -0.67 (VIOLATED)
_24652_/S                               1.50    2.17   -0.67 (VIOLATED)
_24653_/S                               1.50    2.17   -0.67 (VIOLATED)
_24654_/S                               1.50    2.17   -0.67 (VIOLATED)
_24655_/S                               1.50    2.17   -0.67 (VIOLATED)
_24656_/S                               1.50    2.17   -0.67 (VIOLATED)
_24657_/S                               1.50    2.17   -0.67 (VIOLATED)
_24658_/S                               1.50    2.17   -0.67 (VIOLATED)
_24659_/S                               1.50    2.17   -0.67 (VIOLATED)
_24660_/S                               1.50    2.17   -0.67 (VIOLATED)
_24661_/S                               1.50    2.17   -0.67 (VIOLATED)
_24662_/S                               1.50    2.17   -0.67 (VIOLATED)
_24663_/S                               1.50    2.17   -0.67 (VIOLATED)
_24664_/S                               1.50    2.17   -0.67 (VIOLATED)
_24665_/S                               1.50    2.17   -0.67 (VIOLATED)
_24666_/S                               1.50    2.17   -0.67 (VIOLATED)
_24667_/S                               1.50    2.17   -0.67 (VIOLATED)
_24668_/S                               1.50    2.17   -0.67 (VIOLATED)
_24669_/S                               1.50    2.17   -0.67 (VIOLATED)
_24670_/S                               1.50    2.17   -0.67 (VIOLATED)
_24671_/S                               1.50    2.17   -0.67 (VIOLATED)
_24672_/S                               1.50    2.17   -0.67 (VIOLATED)
_24673_/S                               1.50    2.17   -0.67 (VIOLATED)
_24674_/S                               1.50    2.17   -0.67 (VIOLATED)
_25500_/S                               1.50    2.17   -0.67 (VIOLATED)
_25501_/S                               1.50    2.17   -0.67 (VIOLATED)
_25502_/S                               1.50    2.17   -0.67 (VIOLATED)
_25503_/S                               1.50    2.17   -0.67 (VIOLATED)
_25504_/S                               1.50    2.17   -0.67 (VIOLATED)
_25505_/S                               1.50    2.17   -0.67 (VIOLATED)
_25506_/S                               1.50    2.17   -0.67 (VIOLATED)
_15684_/X                               1.51    2.17   -0.66 (VIOLATED)
_13810_/B                               1.50    1.98   -0.48 (VIOLATED)
_17610_/B                               1.50    1.98   -0.48 (VIOLATED)
_17614_/B                               1.50    1.98   -0.48 (VIOLATED)
_17619_/B                               1.50    1.98   -0.48 (VIOLATED)
_17623_/B                               1.50    1.98   -0.48 (VIOLATED)
_24567_/S                               1.50    1.98   -0.48 (VIOLATED)
_24569_/S                               1.50    1.98   -0.48 (VIOLATED)
_24571_/S                               1.50    1.98   -0.48 (VIOLATED)
_24573_/S                               1.50    1.98   -0.48 (VIOLATED)
_24575_/S                               1.50    1.98   -0.48 (VIOLATED)
_24577_/S                               1.50    1.98   -0.48 (VIOLATED)
_24579_/S                               1.50    1.98   -0.48 (VIOLATED)
_24581_/S                               1.50    1.98   -0.48 (VIOLATED)
_24583_/S                               1.50    1.98   -0.48 (VIOLATED)
_24585_/S                               1.50    1.98   -0.48 (VIOLATED)
_24587_/S                               1.50    1.98   -0.48 (VIOLATED)
_24589_/S                               1.50    1.98   -0.48 (VIOLATED)
_24591_/S                               1.50    1.98   -0.48 (VIOLATED)
_24593_/S                               1.50    1.98   -0.48 (VIOLATED)
_24595_/S                               1.50    1.98   -0.48 (VIOLATED)
_24597_/S                               1.50    1.98   -0.48 (VIOLATED)
_24599_/S                               1.50    1.98   -0.48 (VIOLATED)
_24601_/S                               1.50    1.98   -0.48 (VIOLATED)
_24603_/S                               1.50    1.98   -0.48 (VIOLATED)
_24605_/S                               1.50    1.98   -0.48 (VIOLATED)
_24607_/S                               1.50    1.98   -0.48 (VIOLATED)
_24609_/S                               1.50    1.98   -0.48 (VIOLATED)
_24611_/S                               1.50    1.98   -0.48 (VIOLATED)
_24613_/S                               1.50    1.98   -0.48 (VIOLATED)
_24615_/S                               1.50    1.98   -0.48 (VIOLATED)
_24617_/S                               1.50    1.98   -0.48 (VIOLATED)
_24619_/S                               1.50    1.98   -0.48 (VIOLATED)
_24621_/S                               1.50    1.98   -0.48 (VIOLATED)
_24623_/S                               1.50    1.98   -0.48 (VIOLATED)
_24625_/S                               1.50    1.98   -0.48 (VIOLATED)
_13809_/X                               1.51    1.98   -0.47 (VIOLATED)
_14313_/A                               1.50    1.88   -0.38 (VIOLATED)
_16187_/A                               1.50    1.88   -0.38 (VIOLATED)
_18298_/A                               1.50    1.88   -0.38 (VIOLATED)
_18627_/B                               1.50    1.88   -0.38 (VIOLATED)
_24557_/A                               1.50    1.88   -0.38 (VIOLATED)
_24868_/S                               1.50    1.88   -0.38 (VIOLATED)
_24873_/S                               1.50    1.88   -0.38 (VIOLATED)
_24878_/S                               1.50    1.88   -0.38 (VIOLATED)
_24883_/S                               1.50    1.88   -0.38 (VIOLATED)
_25029_/S                               1.50    1.88   -0.38 (VIOLATED)
_25030_/S                               1.50    1.88   -0.38 (VIOLATED)
_25032_/S                               1.50    1.88   -0.38 (VIOLATED)
_25033_/S                               1.50    1.88   -0.38 (VIOLATED)
_25036_/S                               1.50    1.88   -0.38 (VIOLATED)
_25037_/S                               1.50    1.88   -0.38 (VIOLATED)
_25039_/S                               1.50    1.88   -0.38 (VIOLATED)
_25040_/S                               1.50    1.88   -0.38 (VIOLATED)
_25043_/S                               1.50    1.88   -0.38 (VIOLATED)
_25044_/S                               1.50    1.88   -0.38 (VIOLATED)
_25046_/S                               1.50    1.88   -0.38 (VIOLATED)
_25047_/S                               1.50    1.88   -0.38 (VIOLATED)
_25049_/S                               1.50    1.88   -0.38 (VIOLATED)
_25050_/S                               1.50    1.88   -0.38 (VIOLATED)
_25051_/S                               1.50    1.88   -0.38 (VIOLATED)
_25055_/S                               1.50    1.88   -0.38 (VIOLATED)
_25056_/S                               1.50    1.88   -0.38 (VIOLATED)
_25058_/S                               1.50    1.88   -0.38 (VIOLATED)
_25059_/S                               1.50    1.88   -0.38 (VIOLATED)
_25062_/S                               1.50    1.88   -0.38 (VIOLATED)
_25063_/S                               1.50    1.88   -0.38 (VIOLATED)
_25065_/S                               1.50    1.88   -0.38 (VIOLATED)
_25066_/S                               1.50    1.88   -0.38 (VIOLATED)
_25069_/S                               1.50    1.88   -0.38 (VIOLATED)
_25070_/S                               1.50    1.88   -0.38 (VIOLATED)
_25072_/S                               1.50    1.88   -0.38 (VIOLATED)
_25073_/S                               1.50    1.88   -0.38 (VIOLATED)
_25075_/S                               1.50    1.88   -0.38 (VIOLATED)
_25076_/S                               1.50    1.88   -0.38 (VIOLATED)
_25077_/S                               1.50    1.88   -0.38 (VIOLATED)
_25078_/S                               1.50    1.88   -0.38 (VIOLATED)
_25079_/S                               1.50    1.88   -0.38 (VIOLATED)
_25081_/S                               1.50    1.88   -0.38 (VIOLATED)
_25083_/S                               1.50    1.88   -0.38 (VIOLATED)
_25085_/S                               1.50    1.88   -0.38 (VIOLATED)
_25087_/S                               1.50    1.88   -0.38 (VIOLATED)
_25091_/S                               1.50    1.88   -0.38 (VIOLATED)
_25096_/S                               1.50    1.88   -0.38 (VIOLATED)
_25101_/S                               1.50    1.88   -0.38 (VIOLATED)
_25106_/S                               1.50    1.88   -0.38 (VIOLATED)
_25114_/S                               1.50    1.88   -0.38 (VIOLATED)
_25122_/S                               1.50    1.88   -0.38 (VIOLATED)
_25126_/S                               1.50    1.88   -0.38 (VIOLATED)
_25127_/S                               1.50    1.88   -0.38 (VIOLATED)
_25129_/S                               1.50    1.88   -0.38 (VIOLATED)
_25130_/S                               1.50    1.88   -0.38 (VIOLATED)
_25133_/S                               1.50    1.88   -0.38 (VIOLATED)
_25134_/S                               1.50    1.88   -0.38 (VIOLATED)
_25136_/S                               1.50    1.88   -0.38 (VIOLATED)
_25137_/S                               1.50    1.88   -0.38 (VIOLATED)
_25138_/S                               1.50    1.88   -0.38 (VIOLATED)
_25141_/S                               1.50    1.88   -0.38 (VIOLATED)
_25142_/S                               1.50    1.88   -0.38 (VIOLATED)
_25144_/S                               1.50    1.88   -0.38 (VIOLATED)
_25145_/S                               1.50    1.88   -0.38 (VIOLATED)
_25148_/S                               1.50    1.88   -0.38 (VIOLATED)
_25149_/S                               1.50    1.88   -0.38 (VIOLATED)
_25151_/S                               1.50    1.88   -0.38 (VIOLATED)
_25152_/S                               1.50    1.88   -0.38 (VIOLATED)
_27182_/Q                               1.51    1.88   -0.38 (VIOLATED)
_14309_/A                               1.50    1.84   -0.34 (VIOLATED)
_16171_/A                               1.50    1.84   -0.34 (VIOLATED)
_16287_/A                               1.50    1.84   -0.34 (VIOLATED)
_16288_/A1                              1.50    1.84   -0.34 (VIOLATED)
_18633_/A                               1.50    1.84   -0.34 (VIOLATED)
_24559_/A                               1.50    1.84   -0.34 (VIOLATED)
_24848_/S                               1.50    1.84   -0.34 (VIOLATED)
_24851_/S                               1.50    1.84   -0.34 (VIOLATED)
_24854_/S                               1.50    1.84   -0.34 (VIOLATED)
_24857_/S                               1.50    1.84   -0.34 (VIOLATED)
_24861_/S                               1.50    1.84   -0.34 (VIOLATED)
_24865_/S                               1.50    1.84   -0.34 (VIOLATED)
_24870_/S                               1.50    1.84   -0.34 (VIOLATED)
_24875_/S                               1.50    1.84   -0.34 (VIOLATED)
_24880_/S                               1.50    1.84   -0.34 (VIOLATED)
_24885_/S                               1.50    1.84   -0.34 (VIOLATED)
_24889_/S                               1.50    1.84   -0.34 (VIOLATED)
_24893_/S                               1.50    1.84   -0.34 (VIOLATED)
_24896_/S                               1.50    1.84   -0.34 (VIOLATED)
_24899_/S                               1.50    1.84   -0.34 (VIOLATED)
_24902_/S                               1.50    1.84   -0.34 (VIOLATED)
_24905_/S                               1.50    1.84   -0.34 (VIOLATED)
_24989_/S                               1.50    1.84   -0.34 (VIOLATED)
_24990_/S                               1.50    1.84   -0.34 (VIOLATED)
_24991_/S                               1.50    1.84   -0.34 (VIOLATED)
_24993_/S                               1.50    1.84   -0.34 (VIOLATED)
_24994_/S                               1.50    1.84   -0.34 (VIOLATED)
_24995_/S                               1.50    1.84   -0.34 (VIOLATED)
_24997_/S                               1.50    1.84   -0.34 (VIOLATED)
_24998_/S                               1.50    1.84   -0.34 (VIOLATED)
_24999_/S                               1.50    1.84   -0.34 (VIOLATED)
_25001_/S                               1.50    1.84   -0.34 (VIOLATED)
_25002_/S                               1.50    1.84   -0.34 (VIOLATED)
_25003_/S                               1.50    1.84   -0.34 (VIOLATED)
_25005_/S                               1.50    1.84   -0.34 (VIOLATED)
_25008_/S                               1.50    1.84   -0.34 (VIOLATED)
_25011_/S                               1.50    1.84   -0.34 (VIOLATED)
_25016_/S                               1.50    1.84   -0.34 (VIOLATED)
_25019_/S                               1.50    1.84   -0.34 (VIOLATED)
_25022_/S                               1.50    1.84   -0.34 (VIOLATED)
_25027_/S                               1.50    1.84   -0.34 (VIOLATED)
_25034_/S                               1.50    1.84   -0.34 (VIOLATED)
_25041_/S                               1.50    1.84   -0.34 (VIOLATED)
_25053_/S                               1.50    1.84   -0.34 (VIOLATED)
_25060_/S                               1.50    1.84   -0.34 (VIOLATED)
_25067_/S                               1.50    1.84   -0.34 (VIOLATED)
_25088_/S                               1.50    1.84   -0.34 (VIOLATED)
_25089_/S                               1.50    1.84   -0.34 (VIOLATED)
_25092_/S                               1.50    1.84   -0.34 (VIOLATED)
_25093_/S                               1.50    1.84   -0.34 (VIOLATED)
_25094_/S                               1.50    1.84   -0.34 (VIOLATED)
_25097_/S                               1.50    1.84   -0.34 (VIOLATED)
_25098_/S                               1.50    1.84   -0.34 (VIOLATED)
_25099_/S                               1.50    1.84   -0.34 (VIOLATED)
_25102_/S                               1.50    1.84   -0.34 (VIOLATED)
_25103_/S                               1.50    1.84   -0.34 (VIOLATED)
_25104_/S                               1.50    1.84   -0.34 (VIOLATED)
_25107_/S                               1.50    1.84   -0.34 (VIOLATED)
_25108_/S                               1.50    1.84   -0.34 (VIOLATED)
_25111_/S                               1.50    1.84   -0.34 (VIOLATED)
_25116_/S                               1.50    1.84   -0.34 (VIOLATED)
_25119_/S                               1.50    1.84   -0.34 (VIOLATED)
_25124_/S                               1.50    1.84   -0.34 (VIOLATED)
_25131_/S                               1.50    1.84   -0.34 (VIOLATED)
_25139_/S                               1.50    1.84   -0.34 (VIOLATED)
_25146_/S                               1.50    1.84   -0.34 (VIOLATED)
_27184_/Q                               1.51    1.84   -0.34 (VIOLATED)
_17106_/Y                               1.49    1.83   -0.33 (VIOLATED)
_25656_/S                               1.50    1.83   -0.33 (VIOLATED)
_25658_/S                               1.50    1.83   -0.33 (VIOLATED)
_25660_/S                               1.50    1.83   -0.33 (VIOLATED)
_25662_/S                               1.50    1.83   -0.33 (VIOLATED)
_25664_/S                               1.50    1.83   -0.33 (VIOLATED)
_25666_/S                               1.50    1.83   -0.33 (VIOLATED)
_25668_/S                               1.50    1.83   -0.33 (VIOLATED)
_25670_/S                               1.50    1.83   -0.33 (VIOLATED)
_25672_/S                               1.50    1.83   -0.33 (VIOLATED)
_25674_/S                               1.50    1.83   -0.33 (VIOLATED)
_25676_/S                               1.50    1.83   -0.33 (VIOLATED)
_25678_/S                               1.50    1.83   -0.33 (VIOLATED)
_25680_/S                               1.50    1.83   -0.33 (VIOLATED)
_25682_/S                               1.50    1.83   -0.33 (VIOLATED)
_25684_/S                               1.50    1.83   -0.33 (VIOLATED)
_25686_/S                               1.50    1.83   -0.33 (VIOLATED)
_25688_/S                               1.50    1.83   -0.33 (VIOLATED)
_25690_/S                               1.50    1.83   -0.33 (VIOLATED)
_25692_/S                               1.50    1.83   -0.33 (VIOLATED)
_25694_/S                               1.50    1.83   -0.33 (VIOLATED)
_25696_/S                               1.50    1.83   -0.33 (VIOLATED)
_25698_/S                               1.50    1.83   -0.33 (VIOLATED)
_25700_/S                               1.50    1.83   -0.33 (VIOLATED)
_25702_/S                               1.50    1.83   -0.33 (VIOLATED)
_25704_/S                               1.50    1.83   -0.33 (VIOLATED)
_25706_/S                               1.50    1.83   -0.33 (VIOLATED)
_25708_/S                               1.50    1.83   -0.33 (VIOLATED)
_25711_/S                               1.50    1.83   -0.33 (VIOLATED)
_25714_/S                               1.50    1.83   -0.33 (VIOLATED)
_25717_/S                               1.50    1.83   -0.33 (VIOLATED)
_25720_/S                               1.50    1.83   -0.33 (VIOLATED)
_25723_/S                               1.50    1.83   -0.33 (VIOLATED)
_14311_/A                               1.50    1.82   -0.32 (VIOLATED)
_16179_/A                               1.50    1.82   -0.32 (VIOLATED)
_18627_/A                               1.50    1.82   -0.32 (VIOLATED)
_24558_/A                               1.50    1.82   -0.32 (VIOLATED)
_24860_/S                               1.50    1.82   -0.32 (VIOLATED)
_24864_/S                               1.50    1.82   -0.32 (VIOLATED)
_24869_/S                               1.50    1.82   -0.32 (VIOLATED)
_24874_/S                               1.50    1.82   -0.32 (VIOLATED)
_24879_/S                               1.50    1.82   -0.32 (VIOLATED)
_24884_/S                               1.50    1.82   -0.32 (VIOLATED)
_24888_/S                               1.50    1.82   -0.32 (VIOLATED)
_24892_/S                               1.50    1.82   -0.32 (VIOLATED)
_25006_/S                               1.50    1.82   -0.32 (VIOLATED)
_25007_/S                               1.50    1.82   -0.32 (VIOLATED)
_25009_/S                               1.50    1.82   -0.32 (VIOLATED)
_25010_/S                               1.50    1.82   -0.32 (VIOLATED)
_25012_/S                               1.50    1.82   -0.32 (VIOLATED)
_25013_/S                               1.50    1.82   -0.32 (VIOLATED)
_25014_/S                               1.50    1.82   -0.32 (VIOLATED)
_25017_/S                               1.50    1.82   -0.32 (VIOLATED)
_25018_/S                               1.50    1.82   -0.32 (VIOLATED)
_25020_/S                               1.50    1.82   -0.32 (VIOLATED)
_25021_/S                               1.50    1.82   -0.32 (VIOLATED)
_25023_/S                               1.50    1.82   -0.32 (VIOLATED)
_25024_/S                               1.50    1.82   -0.32 (VIOLATED)
_25025_/S                               1.50    1.82   -0.32 (VIOLATED)
_25028_/S                               1.50    1.82   -0.32 (VIOLATED)
_25031_/S                               1.50    1.82   -0.32 (VIOLATED)
_25035_/S                               1.50    1.82   -0.32 (VIOLATED)
_25038_/S                               1.50    1.82   -0.32 (VIOLATED)
_25042_/S                               1.50    1.82   -0.32 (VIOLATED)
_25045_/S                               1.50    1.82   -0.32 (VIOLATED)
_25048_/S                               1.50    1.82   -0.32 (VIOLATED)
_25054_/S                               1.50    1.82   -0.32 (VIOLATED)
_25057_/S                               1.50    1.82   -0.32 (VIOLATED)
_25061_/S                               1.50    1.82   -0.32 (VIOLATED)
_25064_/S                               1.50    1.82   -0.32 (VIOLATED)
_25068_/S                               1.50    1.82   -0.32 (VIOLATED)
_25071_/S                               1.50    1.82   -0.32 (VIOLATED)
_25074_/S                               1.50    1.82   -0.32 (VIOLATED)
_25080_/S                               1.50    1.82   -0.32 (VIOLATED)
_25082_/S                               1.50    1.82   -0.32 (VIOLATED)
_25084_/S                               1.50    1.82   -0.32 (VIOLATED)
_25086_/S                               1.50    1.82   -0.32 (VIOLATED)
_25090_/S                               1.50    1.82   -0.32 (VIOLATED)
_25095_/S                               1.50    1.82   -0.32 (VIOLATED)
_25100_/S                               1.50    1.82   -0.32 (VIOLATED)
_25105_/S                               1.50    1.82   -0.32 (VIOLATED)
_25109_/S                               1.50    1.82   -0.32 (VIOLATED)
_25110_/S                               1.50    1.82   -0.32 (VIOLATED)
_25112_/S                               1.50    1.82   -0.32 (VIOLATED)
_25113_/S                               1.50    1.82   -0.32 (VIOLATED)
_25115_/S                               1.50    1.82   -0.32 (VIOLATED)
_25117_/S                               1.50    1.82   -0.32 (VIOLATED)
_25118_/S                               1.50    1.82   -0.32 (VIOLATED)
_25120_/S                               1.50    1.82   -0.32 (VIOLATED)
_25121_/S                               1.50    1.82   -0.32 (VIOLATED)
_25123_/S                               1.50    1.82   -0.32 (VIOLATED)
_25125_/S                               1.50    1.82   -0.32 (VIOLATED)
_25128_/S                               1.50    1.82   -0.32 (VIOLATED)
_25132_/S                               1.50    1.82   -0.32 (VIOLATED)
_25135_/S                               1.50    1.82   -0.32 (VIOLATED)
_25140_/S                               1.50    1.82   -0.32 (VIOLATED)
_25143_/S                               1.50    1.82   -0.32 (VIOLATED)
_25147_/S                               1.50    1.82   -0.32 (VIOLATED)
_25150_/S                               1.50    1.82   -0.32 (VIOLATED)
_27183_/Q                               1.51    1.82   -0.32 (VIOLATED)
_16353_/Y                               1.49    1.78   -0.28 (VIOLATED)
_24802_/S                               1.50    1.78   -0.28 (VIOLATED)
_24803_/S                               1.50    1.78   -0.28 (VIOLATED)
_24804_/S                               1.50    1.78   -0.28 (VIOLATED)
_24805_/S                               1.50    1.78   -0.28 (VIOLATED)
_24806_/S                               1.50    1.78   -0.28 (VIOLATED)
_24807_/S                               1.50    1.78   -0.28 (VIOLATED)
_24808_/S                               1.50    1.78   -0.28 (VIOLATED)
_24809_/S                               1.50    1.78   -0.28 (VIOLATED)
_24810_/S                               1.50    1.78   -0.28 (VIOLATED)
_24811_/S                               1.50    1.78   -0.28 (VIOLATED)
_24812_/S                               1.50    1.78   -0.28 (VIOLATED)
_24813_/S                               1.50    1.78   -0.28 (VIOLATED)
_24814_/S                               1.50    1.78   -0.28 (VIOLATED)
_24815_/S                               1.50    1.78   -0.28 (VIOLATED)
_24816_/S                               1.50    1.78   -0.28 (VIOLATED)
_24817_/S                               1.50    1.78   -0.28 (VIOLATED)
_24818_/S                               1.50    1.78   -0.28 (VIOLATED)
_24819_/S                               1.50    1.78   -0.28 (VIOLATED)
_24820_/S                               1.50    1.78   -0.28 (VIOLATED)
_24821_/S                               1.50    1.78   -0.28 (VIOLATED)
_24822_/S                               1.50    1.78   -0.28 (VIOLATED)
_24823_/S                               1.50    1.78   -0.28 (VIOLATED)
_24824_/S                               1.50    1.78   -0.28 (VIOLATED)
_24825_/S                               1.50    1.78   -0.28 (VIOLATED)
_24826_/S                               1.50    1.78   -0.28 (VIOLATED)
_24827_/S                               1.50    1.78   -0.28 (VIOLATED)
_24828_/S                               1.50    1.78   -0.28 (VIOLATED)
_24829_/S                               1.50    1.78   -0.28 (VIOLATED)
_24830_/S                               1.50    1.78   -0.28 (VIOLATED)
_24831_/S                               1.50    1.78   -0.28 (VIOLATED)
_25413_/S                               1.50    1.78   -0.28 (VIOLATED)
_13137_/B                               1.50    1.74   -0.24 (VIOLATED)
_25794_/S0                              1.50    1.74   -0.24 (VIOLATED)
_25800_/S0                              1.50    1.74   -0.24 (VIOLATED)
_25806_/S0                              1.50    1.74   -0.24 (VIOLATED)
_25812_/S0                              1.50    1.74   -0.24 (VIOLATED)
_25818_/S0                              1.50    1.74   -0.24 (VIOLATED)
_25824_/S0                              1.50    1.74   -0.24 (VIOLATED)
_25830_/S0                              1.50    1.74   -0.24 (VIOLATED)
_25836_/S0                              1.50    1.74   -0.24 (VIOLATED)
_25842_/S0                              1.50    1.74   -0.24 (VIOLATED)
_25848_/S0                              1.50    1.74   -0.24 (VIOLATED)
_25854_/S0                              1.50    1.74   -0.24 (VIOLATED)
_25860_/S0                              1.50    1.74   -0.24 (VIOLATED)
_25866_/S0                              1.50    1.74   -0.24 (VIOLATED)
_25872_/S0                              1.50    1.74   -0.24 (VIOLATED)
_25878_/S0                              1.50    1.74   -0.24 (VIOLATED)
_25884_/S0                              1.50    1.74   -0.24 (VIOLATED)
_25890_/S0                              1.50    1.74   -0.24 (VIOLATED)
_25896_/S0                              1.50    1.74   -0.24 (VIOLATED)
_25902_/S0                              1.50    1.74   -0.24 (VIOLATED)
_25908_/S0                              1.50    1.74   -0.24 (VIOLATED)
_25914_/S0                              1.50    1.74   -0.24 (VIOLATED)
_25920_/S0                              1.50    1.74   -0.24 (VIOLATED)
_25926_/S0                              1.50    1.74   -0.24 (VIOLATED)
_25932_/S0                              1.50    1.74   -0.24 (VIOLATED)
_25938_/S0                              1.50    1.74   -0.24 (VIOLATED)
_25944_/S0                              1.50    1.74   -0.24 (VIOLATED)
_25950_/S0                              1.50    1.74   -0.24 (VIOLATED)
_25956_/S0                              1.50    1.74   -0.24 (VIOLATED)
_25962_/S0                              1.50    1.74   -0.24 (VIOLATED)
_25968_/S0                              1.50    1.74   -0.24 (VIOLATED)
_25974_/S0                              1.50    1.74   -0.24 (VIOLATED)
_25980_/S0                              1.50    1.74   -0.24 (VIOLATED)
_25485_/X                               1.51    1.74   -0.23 (VIOLATED)
_14307_/A                               1.50    1.70   -0.20 (VIOLATED)
_16158_/A                               1.50    1.70   -0.20 (VIOLATED)
_16289_/A                               1.50    1.70   -0.20 (VIOLATED)
_18639_/A                               1.50    1.70   -0.20 (VIOLATED)
_24560_/A                               1.50    1.70   -0.20 (VIOLATED)
_24832_/S                               1.50    1.70   -0.20 (VIOLATED)
_24834_/S                               1.50    1.70   -0.20 (VIOLATED)
_24836_/S                               1.50    1.70   -0.20 (VIOLATED)
_24838_/S                               1.50    1.70   -0.20 (VIOLATED)
_24840_/S                               1.50    1.70   -0.20 (VIOLATED)
_24842_/S                               1.50    1.70   -0.20 (VIOLATED)
_24844_/S                               1.50    1.70   -0.20 (VIOLATED)
_24846_/S                               1.50    1.70   -0.20 (VIOLATED)
_24849_/S                               1.50    1.70   -0.20 (VIOLATED)
_24852_/S                               1.50    1.70   -0.20 (VIOLATED)
_24855_/S                               1.50    1.70   -0.20 (VIOLATED)
_24858_/S                               1.50    1.70   -0.20 (VIOLATED)
_24862_/S                               1.50    1.70   -0.20 (VIOLATED)
_24866_/S                               1.50    1.70   -0.20 (VIOLATED)
_24871_/S                               1.50    1.70   -0.20 (VIOLATED)
_24876_/S                               1.50    1.70   -0.20 (VIOLATED)
_24881_/S                               1.50    1.70   -0.20 (VIOLATED)
_24886_/S                               1.50    1.70   -0.20 (VIOLATED)
_24890_/S                               1.50    1.70   -0.20 (VIOLATED)
_24894_/S                               1.50    1.70   -0.20 (VIOLATED)
_24897_/S                               1.50    1.70   -0.20 (VIOLATED)
_24900_/S                               1.50    1.70   -0.20 (VIOLATED)
_24903_/S                               1.50    1.70   -0.20 (VIOLATED)
_24906_/S                               1.50    1.70   -0.20 (VIOLATED)
_24908_/S                               1.50    1.70   -0.20 (VIOLATED)
_24910_/S                               1.50    1.70   -0.20 (VIOLATED)
_24912_/S                               1.50    1.70   -0.20 (VIOLATED)
_24914_/S                               1.50    1.70   -0.20 (VIOLATED)
_24916_/S                               1.50    1.70   -0.20 (VIOLATED)
_24918_/S                               1.50    1.70   -0.20 (VIOLATED)
_24920_/S                               1.50    1.70   -0.20 (VIOLATED)
_24922_/S                               1.50    1.70   -0.20 (VIOLATED)
_24980_/S                               1.50    1.70   -0.20 (VIOLATED)
_24981_/S                               1.50    1.70   -0.20 (VIOLATED)
_24982_/S                               1.50    1.70   -0.20 (VIOLATED)
_24983_/S                               1.50    1.70   -0.20 (VIOLATED)
_24984_/S                               1.50    1.70   -0.20 (VIOLATED)
_24985_/S                               1.50    1.70   -0.20 (VIOLATED)
_24986_/S                               1.50    1.70   -0.20 (VIOLATED)
_24987_/S                               1.50    1.70   -0.20 (VIOLATED)
_24988_/S                               1.50    1.70   -0.20 (VIOLATED)
_24992_/S                               1.50    1.70   -0.20 (VIOLATED)
_24996_/S                               1.50    1.70   -0.20 (VIOLATED)
_25000_/S                               1.50    1.70   -0.20 (VIOLATED)
_25004_/S                               1.50    1.70   -0.20 (VIOLATED)
_25015_/S                               1.50    1.70   -0.20 (VIOLATED)
_25026_/S                               1.50    1.70   -0.20 (VIOLATED)
_25052_/S                               1.50    1.70   -0.20 (VIOLATED)
_25514_/S                               1.50    1.70   -0.20 (VIOLATED)
_25515_/S                               1.50    1.70   -0.20 (VIOLATED)
_25516_/S                               1.50    1.70   -0.20 (VIOLATED)
_25517_/S                               1.50    1.70   -0.20 (VIOLATED)
_25518_/S                               1.50    1.70   -0.20 (VIOLATED)
_25519_/S                               1.50    1.70   -0.20 (VIOLATED)
_25520_/S                               1.50    1.70   -0.20 (VIOLATED)
_25521_/S                               1.50    1.70   -0.20 (VIOLATED)
_27185_/Q                               1.51    1.70   -0.20 (VIOLATED)
_25981_/S0                              1.50    1.56   -0.06 (VIOLATED)
_25982_/S0                              1.50    1.56   -0.06 (VIOLATED)
_25983_/S0                              1.50    1.56   -0.06 (VIOLATED)
_25984_/S0                              1.50    1.56   -0.06 (VIOLATED)
_25985_/S0                              1.50    1.56   -0.06 (VIOLATED)
_25986_/S0                              1.50    1.56   -0.06 (VIOLATED)
_25987_/S0                              1.50    1.56   -0.06 (VIOLATED)
_25988_/S0                              1.50    1.56   -0.06 (VIOLATED)
_25989_/S0                              1.50    1.56   -0.06 (VIOLATED)
_25990_/S0                              1.50    1.56   -0.06 (VIOLATED)
_25991_/S0                              1.50    1.56   -0.06 (VIOLATED)
_25992_/S0                              1.50    1.56   -0.06 (VIOLATED)
_25993_/S0                              1.50    1.56   -0.06 (VIOLATED)
_25994_/S0                              1.50    1.56   -0.06 (VIOLATED)
_25995_/S0                              1.50    1.56   -0.06 (VIOLATED)
_25996_/S0                              1.50    1.56   -0.06 (VIOLATED)
_25997_/S0                              1.50    1.56   -0.06 (VIOLATED)
_25998_/S0                              1.50    1.56   -0.06 (VIOLATED)
_25999_/S0                              1.50    1.56   -0.06 (VIOLATED)
_26000_/S0                              1.50    1.56   -0.06 (VIOLATED)
_26001_/S0                              1.50    1.56   -0.06 (VIOLATED)
_26002_/S0                              1.50    1.56   -0.06 (VIOLATED)
_26003_/S0                              1.50    1.56   -0.06 (VIOLATED)
_26004_/S0                              1.50    1.56   -0.06 (VIOLATED)
_26005_/S0                              1.50    1.56   -0.06 (VIOLATED)
_26006_/S0                              1.50    1.56   -0.06 (VIOLATED)
_26007_/S0                              1.50    1.56   -0.06 (VIOLATED)
_26008_/S0                              1.50    1.56   -0.06 (VIOLATED)
_26009_/S0                              1.50    1.56   -0.06 (VIOLATED)
_24565_/X                               1.51    1.56   -0.05 (VIOLATED)
_13137_/C_N                             1.50    1.50   -0.00 (VIOLATED)
_25451_/S                               1.50    1.50   -0.00 (VIOLATED)
_25452_/S                               1.50    1.50   -0.00 (VIOLATED)
_25453_/S                               1.50    1.50   -0.00 (VIOLATED)
_25454_/S                               1.50    1.50   -0.00 (VIOLATED)
_25455_/S                               1.50    1.50   -0.00 (VIOLATED)
_25456_/S                               1.50    1.50   -0.00 (VIOLATED)
_25457_/S                               1.50    1.50   -0.00 (VIOLATED)
_25458_/S                               1.50    1.50   -0.00 (VIOLATED)
_25459_/S                               1.50    1.50   -0.00 (VIOLATED)
_25460_/S                               1.50    1.50   -0.00 (VIOLATED)
_25461_/S                               1.50    1.50   -0.00 (VIOLATED)
_25462_/S                               1.50    1.50   -0.00 (VIOLATED)
_25463_/S                               1.50    1.50   -0.00 (VIOLATED)
_25464_/S                               1.50    1.50   -0.00 (VIOLATED)
_25465_/S                               1.50    1.50   -0.00 (VIOLATED)
_25466_/S                               1.50    1.50   -0.00 (VIOLATED)
_25467_/S                               1.50    1.50   -0.00 (VIOLATED)
_25468_/S                               1.50    1.50   -0.00 (VIOLATED)
_25469_/S                               1.50    1.50   -0.00 (VIOLATED)
_25470_/S                               1.50    1.50   -0.00 (VIOLATED)
_25471_/S                               1.50    1.50   -0.00 (VIOLATED)
_25472_/S                               1.50    1.50   -0.00 (VIOLATED)
_25473_/S                               1.50    1.50   -0.00 (VIOLATED)
_25474_/S                               1.50    1.50   -0.00 (VIOLATED)
_25475_/S                               1.50    1.50   -0.00 (VIOLATED)
_25476_/S                               1.50    1.50   -0.00 (VIOLATED)
_25477_/S                               1.50    1.50   -0.00 (VIOLATED)
_25478_/S                               1.50    1.50   -0.00 (VIOLATED)
_25479_/S                               1.50    1.50   -0.00 (VIOLATED)
_25480_/S                               1.50    1.50   -0.00 (VIOLATED)
_25481_/S                               1.50    1.50   -0.00 (VIOLATED)
_25482_/S                               1.50    1.50   -0.00 (VIOLATED)

max capacitance

Pin                                    Limit     Cap   Slack
------------------------------------------------------------
_25487_/X                               0.23    0.63   -0.39 (VIOLATED)
_25486_/X                               0.23    0.42   -0.19 (VIOLATED)

