Startpoint: _26385_ (rising edge-triggered flip-flop clocked by clk)
Endpoint: _26385_ (rising edge-triggered flip-flop clocked by clk)
Path Group: clk
Path Type: min

Fanout     Cap    Slew   Delay    Time   Description
-----------------------------------------------------------------------------
                  0.00    0.00    0.00   clock clk (rise edge)
                          0.00    0.00   clock network delay (ideal)
                  0.00    0.00    0.00 ^ _26385_/CLK (sky130_fd_sc_hd__dfxtp_2)
                  0.03    0.18    0.18 ^ _26385_/Q (sky130_fd_sc_hd__dfxtp_2)
     2    0.00                           cpuregs[0][0] (net)
                  0.03    0.00    0.18 ^ _15850_/A (sky130_fd_sc_hd__buf_1)
                  0.02    0.04    0.23 ^ _15850_/X (sky130_fd_sc_hd__buf_1)
     1    0.00                           _02835_ (net)
                  0.02    0.00    0.23 ^ _26385_/D (sky130_fd_sc_hd__dfxtp_2)
                                  0.23   data arrival time

                  0.00    0.00    0.00   clock clk (rise edge)
                          0.00    0.00   clock network delay (ideal)
                          0.00    0.00   clock reconvergence pessimism
                                  0.00 ^ _26385_/CLK (sky130_fd_sc_hd__dfxtp_2)
                         -0.02   -0.02   library hold time
                                 -0.02   data required time
-----------------------------------------------------------------------------
                                 -0.02   data required time
                                 -0.23   data arrival time
-----------------------------------------------------------------------------
                                  0.24   slack (MET)


Startpoint: _26083_ (rising edge-triggered flip-flop clocked by clk)
Endpoint: _27478_ (rising edge-triggered flip-flop clocked by clk)
Path Group: clk
Path Type: max

Fanout     Cap    Slew   Delay    Time   Description
-----------------------------------------------------------------------------
                  0.00    0.00    0.00   clock clk (rise edge)
                          0.00    0.00   clock network delay (ideal)
                  0.00    0.00    0.00 ^ _26083_/CLK (sky130_fd_sc_hd__dfxtp_2)
                  0.06    0.58    0.58 v _26083_/Q (sky130_fd_sc_hd__dfxtp_2)
     4    0.01                           irq_pending[10] (net)
                  0.06    0.00    0.58 v _12993_/A (sky130_vsdinv)
                  0.15    0.14    0.72 ^ _12993_/Y (sky130_vsdinv)
     3    0.01                           _10390_ (net)
                  0.15    0.00    0.72 ^ _12995_/A2_N (sky130_fd_sc_hd__a2bb2o_2)
                  0.08    0.54    1.26 v _12995_/X (sky130_fd_sc_hd__a2bb2o_2)
     1    0.00                           _10392_ (net)
                  0.08    0.00    1.26 v _12996_/C1 (sky130_fd_sc_hd__a221o_2)
                  0.08    0.54    1.81 v _12996_/X (sky130_fd_sc_hd__a221o_2)
     1    0.00                           _10393_ (net)
                  0.08    0.00    1.81 v _13009_/B (sky130_fd_sc_hd__or4b_2)
                  0.23    1.51    3.32 v _13009_/X (sky130_fd_sc_hd__or4b_2)
     1    0.00                           _10406_ (net)
                  0.23    0.00    3.32 v _13010_/A2 (sky130_fd_sc_hd__o21ai_2)
                  0.14    0.23    3.55 ^ _13010_/Y (sky130_fd_sc_hd__o21ai_2)
     1    0.00                           _10407_ (net)
                  0.14    0.00    3.55 ^ _13013_/A3 (sky130_fd_sc_hd__o311a_2)
                  0.13    0.39    3.94 ^ _13013_/X (sky130_fd_sc_hd__o311a_2)
     4    0.01                           _10410_ (net)
                  0.13    0.00    3.94 ^ _13014_/A (sky130_fd_sc_hd__inv_2)
                  0.47    0.41    4.36 v _13014_/Y (sky130_fd_sc_hd__inv_2)
    38    0.11                           _00308_ (net)
                  0.47    0.00    4.36 v _13017_/B (sky130_fd_sc_hd__or4_2)
                  0.26    1.72    6.08 v _13017_/X (sky130_fd_sc_hd__or4_2)
     4    0.01                           _10413_ (net)
                  0.26    0.00    6.08 v _13541_/B (sky130_fd_sc_hd__or2_2)
                  0.14    0.74    6.82 v _13541_/X (sky130_fd_sc_hd__or2_2)
     3    0.01                           _10759_ (net)
                  0.14    0.00    6.82 v _13542_/B (sky130_fd_sc_hd__or2_2)
                  0.12    0.65    7.46 v _13542_/X (sky130_fd_sc_hd__or2_2)
     2    0.00                           _10760_ (net)
                  0.12    0.00    7.46 v _13543_/B (sky130_fd_sc_hd__or2_2)
                  0.14    0.68    8.15 v _13543_/X (sky130_fd_sc_hd__or2_2)
     3    0.01                           _10761_ (net)
                  0.14    0.00    8.15 v _13544_/B (sky130_fd_sc_hd__or2_2)
                  0.12    0.65    8.79 v _13544_/X (sky130_fd_sc_hd__or2_2)
     2    0.00                           _10762_ (net)
                  0.12    0.00    8.79 v _13545_/B (sky130_fd_sc_hd__or2_2)
                  0.14    0.68    9.48 v _13545_/X (sky130_fd_sc_hd__or2_2)
     3    0.01                           _10763_ (net)
                  0.14    0.00    9.48 v _13546_/B (sky130_fd_sc_hd__or2_2)
                  0.12    0.65   10.12 v _13546_/X (sky130_fd_sc_hd__or2_2)
     2    0.00                           _10764_ (net)
                  0.12    0.00   10.12 v _13547_/B (sky130_fd_sc_hd__or2_2)
                  0.14    0.68   10.81 v _13547_/X (sky130_fd_sc_hd__or2_2)
     3    0.01                           _10765_ (net)
                  0.14    0.00   10.81 v _13548_/B (sky130_fd_sc_hd__or2_2)
                  0.12    0.65   11.45 v _13548_/X (sky130_fd_sc_hd__or2_2)
     2    0.00                           _10766_ (net)
                  0.12    0.00   11.45 v _13549_/B (sky130_fd_sc_hd__or2_2)
                  0.14    0.68   12.14 v _13549_/X (sky130_fd_sc_hd__or2_2)
     3    0.01                           _10767_ (net)
                  0.14    0.00   12.14 v _13550_/B (sky130_fd_sc_hd__or2_2)
                  0.12    0.65   12.78 v _13550_/X (sky130_fd_sc_hd__or2_2)
     2    0.00                           _10768_ (net)
                  0.12    0.00   12.78 v _13551_/B (sky130_fd_sc_hd__or2_2)
                  0.14    0.68   13.47 v _13551_/X (sky130_fd_sc_hd__or2_2)
     3    0.01                           _10769_ (net)
                  0.14    0.00   13.47 v _13552_/B (sky130_fd_sc_hd__or2_2)
                  0.12    0.65   14.11 v _13552_/X (sky130_fd_sc_hd__or2_2)
     2    0.00                           _10770_ (net)
                  0.12    0.00   14.11 v _13553_/B (sky130_fd_sc_hd__or2_2)
                  0.14    0.68   14.80 v _13553_/X (sky130_fd_sc_hd__or2_2)
     3    0.01                           _10771_ (net)
                  0.14    0.00   14.80 v _13554_/B (sky130_fd_sc_hd__or2_2)
                  0.14    0.69   15.49 v _13554_/X (sky130_fd_sc_hd__or2_2)
     4    0.01                           _10772_ (net)
                  0.14    0.00   15.49 v _13555_/C (sky130_fd_sc_hd__or3_2)
                  0.17    0.99   16.48 v _13555_/X (sky130_fd_sc_hd__or3_2)
     2    0.00                           _10773_ (net)
                  0.17    0.00   16.48 v _13556_/B (sky130_fd_sc_hd__or2_2)
                  0.14    0.70   17.18 v _13556_/X (sky130_fd_sc_hd__or2_2)
     3    0.01                           _10774_ (net)
                  0.14    0.00   17.18 v _13557_/B (sky130_fd_sc_hd__or2_2)
                  0.12    0.65   17.83 v _13557_/X (sky130_fd_sc_hd__or2_2)
     2    0.00                           _10775_ (net)
                  0.12    0.00   17.83 v _13558_/B (sky130_fd_sc_hd__or2_2)
                  0.14    0.68   18.51 v _13558_/X (sky130_fd_sc_hd__or2_2)
     3    0.01                           _10776_ (net)
                  0.14    0.00   18.51 v _13559_/B (sky130_fd_sc_hd__or2_2)
                  0.12    0.65   19.16 v _13559_/X (sky130_fd_sc_hd__or2_2)
     2    0.00                           _10777_ (net)
                  0.12    0.00   19.16 v _13560_/B (sky130_fd_sc_hd__or2_2)
                  0.14    0.68   19.84 v _13560_/X (sky130_fd_sc_hd__or2_2)
     3    0.01                           _10778_ (net)
                  0.14    0.00   19.84 v _13561_/B (sky130_fd_sc_hd__or2_2)
                  0.14    0.69   20.53 v _13561_/X (sky130_fd_sc_hd__or2_2)
     4    0.01                           _10779_ (net)
                  0.14    0.00   20.53 v _13562_/C (sky130_fd_sc_hd__or3_2)
                  0.17    0.99   21.53 v _13562_/X (sky130_fd_sc_hd__or3_2)
     2    0.00                           _10780_ (net)
                  0.17    0.00   21.53 v _13563_/B (sky130_fd_sc_hd__or2_2)
                  0.14    0.70   22.23 v _13563_/X (sky130_fd_sc_hd__or2_2)
     3    0.01                           _10781_ (net)
                  0.14    0.00   22.23 v _13564_/B (sky130_fd_sc_hd__or2_2)
                  0.12    0.65   22.88 v _13564_/X (sky130_fd_sc_hd__or2_2)
     2    0.00                           _10782_ (net)
                  0.12    0.00   22.88 v _13565_/B (sky130_fd_sc_hd__or2_2)
                  0.14    0.68   23.56 v _13565_/X (sky130_fd_sc_hd__or2_2)
     3    0.01                           _10783_ (net)
                  0.14    0.00   23.56 v _13566_/B (sky130_fd_sc_hd__or2_2)
                  0.12    0.65   24.21 v _13566_/X (sky130_fd_sc_hd__or2_2)
     2    0.00                           _10784_ (net)
                  0.12    0.00   24.21 v _13567_/B (sky130_fd_sc_hd__or2_2)
                  0.14    0.68   24.89 v _13567_/X (sky130_fd_sc_hd__or2_2)
     3    0.01                           _10785_ (net)
                  0.14    0.00   24.89 v _13568_/B (sky130_fd_sc_hd__or2_2)
                  0.12    0.65   25.54 v _13568_/X (sky130_fd_sc_hd__or2_2)
     2    0.00                           _10786_ (net)
                  0.12    0.00   25.54 v _13569_/B (sky130_fd_sc_hd__or2_2)
                  0.14    0.68   26.22 v _13569_/X (sky130_fd_sc_hd__or2_2)
     3    0.01                           _10787_ (net)
                  0.14    0.00   26.22 v _13570_/B (sky130_fd_sc_hd__or2_2)
                  0.12    0.65   26.87 v _13570_/X (sky130_fd_sc_hd__or2_2)
     2    0.00                           _10788_ (net)
                  0.12    0.00   26.87 v _13571_/B (sky130_fd_sc_hd__or2_2)
                  0.14    0.68   27.55 v _13571_/X (sky130_fd_sc_hd__or2_2)
     3    0.01                           _10789_ (net)
                  0.14    0.00   27.55 v _13572_/B (sky130_fd_sc_hd__or2_2)
                  0.12    0.65   28.20 v _13572_/X (sky130_fd_sc_hd__or2_2)
     2    0.00                           _10790_ (net)
                  0.12    0.00   28.20 v _13573_/B (sky130_fd_sc_hd__or2_2)
                  0.14    0.68   28.88 v _13573_/X (sky130_fd_sc_hd__or2_2)
     3    0.01                           _10791_ (net)
                  0.14    0.00   28.88 v _13574_/B (sky130_fd_sc_hd__or2_2)
                  0.12    0.65   29.53 v _13574_/X (sky130_fd_sc_hd__or2_2)
     2    0.00                           _10792_ (net)
                  0.12    0.00   29.53 v _13575_/B (sky130_fd_sc_hd__or2_2)
                  0.14    0.68   30.21 v _13575_/X (sky130_fd_sc_hd__or2_2)
     3    0.01                           _10793_ (net)
                  0.14    0.00   30.21 v _13576_/B (sky130_fd_sc_hd__or2_2)
                  0.14    0.69   30.90 v _13576_/X (sky130_fd_sc_hd__or2_2)
     4    0.01                           _10794_ (net)
                  0.14    0.00   30.90 v _13577_/C (sky130_fd_sc_hd__or3_2)
                  0.17    0.99   31.89 v _13577_/X (sky130_fd_sc_hd__or3_2)
     2    0.00                           _10795_ (net)
                  0.17    0.00   31.89 v _13578_/B (sky130_fd_sc_hd__or2_2)
                  0.14    0.70   32.59 v _13578_/X (sky130_fd_sc_hd__or2_2)
     3    0.01                           _10796_ (net)
                  0.14    0.00   32.59 v _13579_/B (sky130_fd_sc_hd__or2_2)
                  0.12    0.65   33.24 v _13579_/X (sky130_fd_sc_hd__or2_2)
     2    0.00                           _10797_ (net)
                  0.12    0.00   33.24 v _13580_/B (sky130_fd_sc_hd__or2_2)
                  0.14    0.68   33.92 v _13580_/X (sky130_fd_sc_hd__or2_2)
     3    0.01                           _10798_ (net)
                  0.14    0.00   33.92 v _13581_/B (sky130_fd_sc_hd__or2_2)
                  0.12    0.65   34.57 v _13581_/X (sky130_fd_sc_hd__or2_2)
     2    0.00                           _10799_ (net)
                  0.12    0.00   34.57 v _13582_/B (sky130_fd_sc_hd__or2_2)
                  0.14    0.68   35.25 v _13582_/X (sky130_fd_sc_hd__or2_2)
     3    0.01                           _10800_ (net)
                  0.14    0.00   35.25 v _13583_/B (sky130_fd_sc_hd__or2_2)
                  0.12    0.65   35.90 v _13583_/X (sky130_fd_sc_hd__or2_2)
     2    0.00                           _10801_ (net)
                  0.12    0.00   35.90 v _13584_/B (sky130_fd_sc_hd__or2_2)
                  0.14    0.68   36.58 v _13584_/X (sky130_fd_sc_hd__or2_2)
     3    0.01                           _10802_ (net)
                  0.14    0.00   36.58 v _13585_/B (sky130_fd_sc_hd__or2_2)
                  0.12    0.65   37.23 v _13585_/X (sky130_fd_sc_hd__or2_2)
     2    0.00                           _10803_ (net)
                  0.12    0.00   37.23 v _13586_/B (sky130_fd_sc_hd__or2_2)
                  0.14    0.68   37.91 v _13586_/X (sky130_fd_sc_hd__or2_2)
     3    0.01                           _10804_ (net)
                  0.14    0.00   37.91 v _13587_/B (sky130_fd_sc_hd__or2_2)
                  0.12    0.65   38.56 v _13587_/X (sky130_fd_sc_hd__or2_2)
     2    0.00                           _10805_ (net)
                  0.12    0.00   38.56 v _13588_/B (sky130_fd_sc_hd__or2_2)
                  0.14    0.68   39.24 v _13588_/X (sky130_fd_sc_hd__or2_2)
     3    0.01                           _10806_ (net)
                  0.14    0.00   39.24 v _13589_/B (sky130_fd_sc_hd__or2_2)
                  0.12    0.65   39.89 v _13589_/X (sky130_fd_sc_hd__or2_2)
     2    0.00                           _10807_ (net)
                  0.12    0.00   39.89 v _13590_/B (sky130_fd_sc_hd__or2_2)
                  0.14    0.68   40.57 v _13590_/X (sky130_fd_sc_hd__or2_2)
     3    0.01                           _10808_ (net)
                  0.14    0.00   40.57 v _13591_/B (sky130_fd_sc_hd__or2_2)
                  0.14    0.69   41.27 v _13591_/X (sky130_fd_sc_hd__or2_2)
     4    0.01                           _10809_ (net)
                  0.14    0.00   41.27 v _13592_/C (sky130_fd_sc_hd__or3_2)
                  0.17    0.99   42.26 v _13592_/X (sky130_fd_sc_hd__or3_2)
     2    0.00                           _10810_ (net)
                  0.17    0.00   42.26 v _13593_/B (sky130_fd_sc_hd__or2_2)
                  0.13    0.69   42.94 v _13593_/X (sky130_fd_sc_hd__or2_2)
     3    0.01                           _10811_ (net)
                  0.13    0.00   42.94 v _13594_/B (sky130_fd_sc_hd__or2_2)
                  0.14    0.69   43.63 v _13594_/X (sky130_fd_sc_hd__or2_2)
     3    0.01                           _10812_ (net)
                  0.14    0.00   43.63 v _13595_/B (sky130_fd_sc_hd__or2_2)
                  0.12    0.65   44.28 v _13595_/X (sky130_fd_sc_hd__or2_2)
     2    0.00                           _10813_ (net)
                  0.12    0.00   44.28 v _13596_/B (sky130_fd_sc_hd__or2_2)
                  0.14    0.68   44.96 v _13596_/X (sky130_fd_sc_hd__or2_2)
     3    0.01                           _10814_ (net)
                  0.14    0.00   44.96 v _13597_/B (sky130_fd_sc_hd__or2_2)
                  0.12    0.65   45.61 v _13597_/X (sky130_fd_sc_hd__or2_2)
     2    0.00                           _10815_ (net)
                  0.12    0.00   45.61 v _13598_/B (sky130_fd_sc_hd__or2_2)
                  0.14    0.68   46.29 v _13598_/X (sky130_fd_sc_hd__or2_2)
     3    0.01                           _10816_ (net)
                  0.14    0.00   46.29 v _13599_/B (sky130_fd_sc_hd__or2_2)
                  0.12    0.66   46.95 v _13599_/X (sky130_fd_sc_hd__or2_2)
     2    0.00                           _10817_ (net)
                  0.12    0.00   46.95 v _13601_/A2 (sky130_fd_sc_hd__o221a_2)
                  0.07    0.49   47.44 v _13601_/X (sky130_fd_sc_hd__o221a_2)
     1    0.00                           _03928_ (net)
                  0.07    0.00   47.44 v _27478_/D (sky130_fd_sc_hd__dfxtp_2)
                                 47.44   data arrival time

                  0.00   40.00   40.00   clock clk (rise edge)
                          0.00   40.00   clock network delay (ideal)
                          0.00   40.00   clock reconvergence pessimism
                                 40.00 ^ _27478_/CLK (sky130_fd_sc_hd__dfxtp_2)
                         -0.29   39.71   library setup time
                                 39.71   data required time
-----------------------------------------------------------------------------
                                 39.71   data required time
                                -47.44   data arrival time
-----------------------------------------------------------------------------
                                 -7.74   slack (VIOLATED)


